Archive member included to satisfy reference by file (symbol)

C:/Users/Nicholas/.pico-sdk/toolchain/14_2_Rel1/bin/../lib/gcc/arm-none-eabi/14.2.1/thumb/v6-m/nofp\libgcc.a(_dvmd_tls.o)
                              CMakeFiles/GENIUS.dir/C_/Users/Nicholas/.pico-sdk/sdk/2.1.1/src/rp2_common/pico_divider/divider_hardware.S.obj (__aeabi_idiv0)
C:/Users/Nicholas/.pico-sdk/toolchain/14_2_Rel1/bin/../lib/gcc/arm-none-eabi/14.2.1/thumb/v6-m/nofp\libg.a(libc_a-calloc.o)
                              CMakeFiles/GENIUS.dir/C_/Users/Nicholas/.pico-sdk/sdk/2.1.1/src/rp2_common/pico_malloc/malloc.c.obj (calloc)
C:/Users/Nicholas/.pico-sdk/toolchain/14_2_Rel1/bin/../lib/gcc/arm-none-eabi/14.2.1/thumb/v6-m/nofp\libg.a(libc_a-callocr.o)
                              C:/Users/Nicholas/.pico-sdk/toolchain/14_2_Rel1/bin/../lib/gcc/arm-none-eabi/14.2.1/thumb/v6-m/nofp\libg.a(libc_a-calloc.o) (_calloc_r)
C:/Users/Nicholas/.pico-sdk/toolchain/14_2_Rel1/bin/../lib/gcc/arm-none-eabi/14.2.1/thumb/v6-m/nofp\libg.a(libc_a-malloc.o)
                              CMakeFiles/GENIUS.dir/C_/Users/Nicholas/.pico-sdk/sdk/2.1.1/src/rp2_common/pico_malloc/malloc.c.obj (malloc)
C:/Users/Nicholas/.pico-sdk/toolchain/14_2_Rel1/bin/../lib/gcc/arm-none-eabi/14.2.1/thumb/v6-m/nofp\libg.a(libc_a-mallocr.o)
                              C:/Users/Nicholas/.pico-sdk/toolchain/14_2_Rel1/bin/../lib/gcc/arm-none-eabi/14.2.1/thumb/v6-m/nofp\libg.a(libc_a-callocr.o) (_malloc_r)
C:/Users/Nicholas/.pico-sdk/toolchain/14_2_Rel1/bin/../lib/gcc/arm-none-eabi/14.2.1/thumb/v6-m/nofp\libg.a(libc_a-mlock.o)
                              C:/Users/Nicholas/.pico-sdk/toolchain/14_2_Rel1/bin/../lib/gcc/arm-none-eabi/14.2.1/thumb/v6-m/nofp\libg.a(libc_a-mallocr.o) (__malloc_lock)
C:/Users/Nicholas/.pico-sdk/toolchain/14_2_Rel1/bin/../lib/gcc/arm-none-eabi/14.2.1/thumb/v6-m/nofp\libg.a(libc_a-realloc.o)
                              CMakeFiles/GENIUS.dir/C_/Users/Nicholas/.pico-sdk/sdk/2.1.1/src/rp2_common/pico_malloc/malloc.c.obj (realloc)
C:/Users/Nicholas/.pico-sdk/toolchain/14_2_Rel1/bin/../lib/gcc/arm-none-eabi/14.2.1/thumb/v6-m/nofp\libg.a(libc_a-reallocr.o)
                              C:/Users/Nicholas/.pico-sdk/toolchain/14_2_Rel1/bin/../lib/gcc/arm-none-eabi/14.2.1/thumb/v6-m/nofp\libg.a(libc_a-realloc.o) (_realloc_r)
C:/Users/Nicholas/.pico-sdk/toolchain/14_2_Rel1/bin/../lib/gcc/arm-none-eabi/14.2.1/thumb/v6-m/nofp\libg.a(libc_a-fflush.o)
                              CMakeFiles/GENIUS.dir/GENIUS.c.obj (fflush)
C:/Users/Nicholas/.pico-sdk/toolchain/14_2_Rel1/bin/../lib/gcc/arm-none-eabi/14.2.1/thumb/v6-m/nofp\libg.a(libc_a-findfp.o)
                              C:/Users/Nicholas/.pico-sdk/toolchain/14_2_Rel1/bin/../lib/gcc/arm-none-eabi/14.2.1/thumb/v6-m/nofp\libg.a(libc_a-fflush.o) (__sglue)
C:/Users/Nicholas/.pico-sdk/toolchain/14_2_Rel1/bin/../lib/gcc/arm-none-eabi/14.2.1/thumb/v6-m/nofp\libg.a(libc_a-fwalk.o)
                              C:/Users/Nicholas/.pico-sdk/toolchain/14_2_Rel1/bin/../lib/gcc/arm-none-eabi/14.2.1/thumb/v6-m/nofp\libg.a(libc_a-fflush.o) (_fwalk_sglue)
C:/Users/Nicholas/.pico-sdk/toolchain/14_2_Rel1/bin/../lib/gcc/arm-none-eabi/14.2.1/thumb/v6-m/nofp\libg.a(libc_a-stdio.o)
                              C:/Users/Nicholas/.pico-sdk/toolchain/14_2_Rel1/bin/../lib/gcc/arm-none-eabi/14.2.1/thumb/v6-m/nofp\libg.a(libc_a-findfp.o) (__sread)
C:/Users/Nicholas/.pico-sdk/toolchain/14_2_Rel1/bin/../lib/gcc/arm-none-eabi/14.2.1/thumb/v6-m/nofp\libg.a(libc_a-memcmp.o)
                              CMakeFiles/GENIUS.dir/C_/Users/Nicholas/.pico-sdk/sdk/2.1.1/src/rp2_common/pico_atomic/atomic.c.obj (memcmp)
C:/Users/Nicholas/.pico-sdk/toolchain/14_2_Rel1/bin/../lib/gcc/arm-none-eabi/14.2.1/thumb/v6-m/nofp\libg.a(libc_a-memmove.o)
                              C:/Users/Nicholas/.pico-sdk/toolchain/14_2_Rel1/bin/../lib/gcc/arm-none-eabi/14.2.1/thumb/v6-m/nofp\libg.a(libc_a-reallocr.o) (memmove)
C:/Users/Nicholas/.pico-sdk/toolchain/14_2_Rel1/bin/../lib/gcc/arm-none-eabi/14.2.1/thumb/v6-m/nofp\libg.a(libc_a-lcltime_r.o)
                              CMakeFiles/GENIUS.dir/C_/Users/Nicholas/.pico-sdk/sdk/2.1.1/src/common/pico_util/datetime.c.obj (localtime_r)
C:/Users/Nicholas/.pico-sdk/toolchain/14_2_Rel1/bin/../lib/gcc/arm-none-eabi/14.2.1/thumb/v6-m/nofp\libg.a(libc_a-mktime.o)
                              CMakeFiles/GENIUS.dir/C_/Users/Nicholas/.pico-sdk/sdk/2.1.1/src/common/pico_util/datetime.c.obj (mktime)
C:/Users/Nicholas/.pico-sdk/toolchain/14_2_Rel1/bin/../lib/gcc/arm-none-eabi/14.2.1/thumb/v6-m/nofp\libg.a(libc_a-month_lengths.o)
                              C:/Users/Nicholas/.pico-sdk/toolchain/14_2_Rel1/bin/../lib/gcc/arm-none-eabi/14.2.1/thumb/v6-m/nofp\libg.a(libc_a-lcltime_r.o) (__month_lengths)
C:/Users/Nicholas/.pico-sdk/toolchain/14_2_Rel1/bin/../lib/gcc/arm-none-eabi/14.2.1/thumb/v6-m/nofp\libg.a(libc_a-tzcalc_limits.o)
[...]
Memory Configuration

Name             Origin             Length             Attributes
FLASH            0x10000000         0x00200000         xr
RAM              0x20000000         0x00040000         xrw
SCRATCH_X        0x20040000         0x00001000         xrw
SCRATCH_Y        0x20041000         0x00001000         xrw
*default*        0x00000000         0xffffffff

Linker script and memory map

LOAD C:/Users/Nicholas/.pico-sdk/toolchain/14_2_Rel1/bin/../lib/gcc/arm-none-eabi/14.2.1/thumb/v6-m/nofp/crti.o
LOAD C:/Users/Nicholas/.pico-sdk/toolchain/14_2_Rel1/bin/../lib/gcc/arm-none-eabi/14.2.1/thumb/v6-m/nofp/crtbegin.o
LOAD C:/Users/Nicholas/.pico-sdk/toolchain/14_2_Rel1/bin/../lib/gcc/arm-none-eabi/14.2.1/thumb/v6-m/nofp/crt0.o

.flash_begin    0x10000000        0x0
                0x10000000                        __flash_binary_start = .

.boot2          0x10000000      0x100
                0x10000000                        __boot2_start__ = .
 *(.boot2)
 .boot2         0x10000000      0x100 pico-sdk/src/rp2040/boot_stage2/CMakeFiles/bs2_default_library.dir/./bs2_default_padded_checksummed.S.obj
                0x10000100                        __boot2_end__ = .
                0x00000001                        ASSERT (((__boot2_end__ - __boot2_start__) == 0x100), ERROR: Pico second stage bootloader must be 256 bytes in size)

.text           0x10000100     0x7aec
                0x10000100                        __logical_binary_start = .
 *(.vectors)
 .vectors       0x10000100       0xd4 CMakeFiles/GENIUS.dir/C_/Users/Nicholas/.pico-sdk/sdk/2.1.1/src/rp2_common/pico_crt0/crt0.S.obj
                0x10000100                __VECTOR_TABLE
                0x10000100                __vectors
                0x100001c0                isr_invalid
                0x100001c0                __default_isrs_start
                0x100001c2                isr_nmi
                0x100001c4                isr_hardfault
                0x100001c6                isr_svcall
                0x100001c8                isr_pendsv
                0x100001ca                isr_systick
                0x100001cc                isr_irq23
                0x100001cc                isr_irq18
                0x100001cc                isr_irq11
                0x100001cc                isr_irq28
                0x100001cc                isr_irq19
                0x100001cc                isr_irq0
                0x100001cc                isr_irq6
                0x100001cc                isr_irq5
                0x100001cc                isr_irq12
                0x100001cc                isr_irq22
                0x100001cc                isr_irq31
                0x100001cc                isr_irq17
                0x100001cc                isr_irq27
                0x100001cc                isr_irq30
                0x100001cc                isr_irq2
                0x100001cc                isr_irq10
                0x100001cc                isr_irq8
                0x100001cc                isr_irq24
                0x100001cc                isr_irq1
                0x100001cc                isr_irq7
                0x100001cc                isr_irq21
                0x100001cc                isr_irq20
                0x100001cc                isr_irq15
                0x100001cc                isr_irq25
                0x100001cc                isr_irq13
                0x100001cc                __unhandled_user_irq
                0x100001cc                isr_irq4
                0x100001cc                isr_irq16
                0x100001cc                isr_irq29
                0x100001cc                isr_irq26
                0x100001cc                __default_isrs_end
                0x100001cc                isr_irq3
                0x100001cc                isr_irq14
                0x100001cc                isr_irq9
                0x100001d2                unhandled_user_irq_num_in_r0
 *(.binary_info_header)
 .binary_info_header
                0x100001d4       0x14 CMakeFiles/GENIUS.dir/C_/Users/Nicholas/.pico-sdk/sdk/2.1.1/src/rp2_common/pico_crt0/crt0.S.obj
                0x100001e8                        __binary_info_header_end = .
 *(.embedded_block)
                0x100001e8                        __embedded_block_end = .
 *(.reset)
 .reset         0x100001e8       0x9c CMakeFiles/GENIUS.dir/C_/Users/Nicholas/.pico-sdk/sdk/2.1.1/src/rp2_common/pico_crt0/crt0.S.obj
                0x100001e8                _entry_point
 *(.init)
 .init          0x10000284        0x4 C:/Users/Nicholas/.pico-sdk/toolchain/14_2_Rel1/bin/../lib/gcc/arm-none-eabi/14.2.1/thumb/v6-m/nofp/crti.o
                0x10000284                _init
 *(EXCLUDE_FILE(*libm.a: *libc.a:*lib_a-mem*.o *libgcc.a:) .text*)
 .text.register_tm_clones
                0x10000288       0x28 C:/Users/Nicholas/.pico-sdk/toolchain/14_2_Rel1/bin/../lib/gcc/arm-none-eabi/14.2.1/thumb/v6-m/nofp/crtbegin.o
 .text.frame_dummy
                0x100002b0       0x24 C:/Users/Nicholas/.pico-sdk/toolchain/14_2_Rel1/bin/../lib/gcc/arm-none-eabi/14.2.1/thumb/v6-m/nofp/crtbegin.o
 .text.btn_a_callback
                0x100002d4        0xc CMakeFiles/GENIUS.dir/GENIUS.c.obj
 .text.btn_b_callback
                0x100002e0        0xc CMakeFiles/GENIUS.dir/GENIUS.c.obj
 .text.init_hardware
                0x100002ec       0x3c CMakeFiles/GENIUS.dir/GENIUS.c.obj
                0x100002ec                init_hardware
 .text.update_sound
                0x10000328      0x10c CMakeFiles/GENIUS.dir/GENIUS.c.obj
                0x10000328                update_sound
 .text.startup.main
                0x10000434      0x118 CMakeFiles/GENIUS.dir/GENIUS.c.obj
                0x10000434                main
 .text.ButtonPi_init
                0x1000054c       0x2c CMakeFiles/GENIUS.dir/src/ButtonPi.c.obj
                0x1000054c                ButtonPi_init
 .text.ButtonPi_attach_callback
                0x10000578       0x1c CMakeFiles/GENIUS.dir/src/ButtonPi.c.obj
                0x10000578                ButtonPi_attach_callback
 .text.initialize_pwm
                0x10000594        0xc CMakeFiles/GENIUS.dir/src/BuzzerPi.c.obj
                0x10000594                initialize_pwm
 .text.play_tone
                0x100005a0       0xcc CMakeFiles/GENIUS.dir/src/BuzzerPi.c.obj
                0x100005a0                play_tone
 .text.gpio_irq_handler
                0x1000066c       0x5c CMakeFiles/GENIUS.dir/src/gpio_irq_manager.c.obj
                0x1000066c                gpio_irq_handler
 .text.register_gpio_callback
                0x100006c8       0x20 CMakeFiles/GENIUS.dir/src/gpio_irq_manager.c.obj
                0x100006c8                register_gpio_callback
 .text.gpio_irq_manager_init
                0x100006e8       0x18 CMakeFiles/GENIUS.dir/src/gpio_irq_manager.c.obj
                0x100006e8                gpio_irq_manager_init
 .text.joystickPi_init
                0x10000700       0x58 CMakeFiles/GENIUS.dir/src/JoystickPi.c.obj
                0x10000700                joystickPi_init
 .text.joystickPi_read
                0x10000758       0x6c CMakeFiles/GENIUS.dir/src/JoystickPi.c.obj
                0x10000758                joystickPi_read
 .text.gpio_default_irq_handler
                0x100007c4      0x2c8 CMakeFiles/GENIUS.dir/C_/Users/Nicholas/.pico-sdk/sdk/2.1.1/src/rp2_common/hardware_gpio/gpio.c.obj
 .text.gpio_set_function
                0x10000a8c       0x34 CMakeFiles/GENIUS.dir/C_/Users/Nicholas/.pico-sdk/sdk/2.1.1/src/rp2_common/hardware_gpio/gpio.c.obj
                0x10000a8c                gpio_set_function
 .text.gpio_set_pulls
                0x10000ac0       0x28 CMakeFiles/GENIUS.dir/C_/Users/Nicholas/.pico-sdk/sdk/2.1.1/src/rp2_common/hardware_gpio/gpio.c.obj
                0x10000ac0                gpio_set_pulls
 .text.gpio_set_irq_enabled
                0x10000ae8       0x58 CMakeFiles/GENIUS.dir/C_/Users/Nicholas/.pico-sdk/sdk/2.1.1/src/rp2_common/hardware_gpio/gpio.c.obj
                0x10000ae8                gpio_set_irq_enabled
 .text.gpio_set_irq_callback
                0x10000b40       0x40 CMakeFiles/GENIUS.dir/C_/Users/Nicholas/.pico-sdk/sdk/2.1.1/src/rp2_common/hardware_gpio/gpio.c.obj
                0x10000b40                gpio_set_irq_callback
 .text.gpio_set_input_enabled
                0x10000b80       0x28 CMakeFiles/GENIUS.dir/C_/Users/Nicholas/.pico-sdk/sdk/2.1.1/src/rp2_common/hardware_gpio/gpio.c.obj
                0x10000b80                gpio_set_input_enabled
 .text.gpio_init
                0x10000ba8       0x40 CMakeFiles/GENIUS.dir/C_/Users/Nicholas/.pico-sdk/sdk/2.1.1/src/rp2_common/hardware_gpio/gpio.c.obj
                0x10000ba8                gpio_init
 .text.rp2040_chip_version
                0x10000be8        0xc CMakeFiles/GENIUS.dir/C_/Users/Nicholas/.pico-sdk/sdk/2.1.1/src/rp2040/pico_platform/platform.c.obj
                0x10000be8                rp2040_chip_version
 .text.panic    0x10000bf4       0x30 CMakeFiles/GENIUS.dir/C_/Users/Nicholas/.pico-sdk/sdk/2.1.1/src/rp2_common/pico_platform_panic/panic.c.obj
                0x10000bf4                panic
 .text.hw_claim_or_assert
                0x10000c24       0x44 CMakeFiles/GENIUS.dir/C_/Users/Nicholas/.pico-sdk/sdk/2.1.1/src/common/hardware_claim/claim.c.obj
                0x10000c24                hw_claim_or_assert
 .text.hw_claim_unused_from_range
                0x10000c68       0x88 CMakeFiles/GENIUS.dir/C_/Users/Nicholas/.pico-sdk/sdk/2.1.1/src/common/hardware_claim/claim.c.obj
                0x10000c68                hw_claim_unused_from_range
 .text.next_striped_spin_lock_num
                0x10000cf0       0x18 CMakeFiles/GENIUS.dir/C_/Users/Nicholas/.pico-sdk/sdk/2.1.1/src/rp2_common/hardware_sync/sync.c.obj
                0x10000cf0                next_striped_spin_lock_num
 .text.spin_lock_claim_unused
                0x10000d08       0x24 CMakeFiles/GENIUS.dir/C_/Users/Nicholas/.pico-sdk/sdk/2.1.1/src/rp2_common/hardware_sync/sync.c.obj
                0x10000d08                spin_lock_claim_unused
 .text.spin_locks_reset
                0x10000d2c       0x1c CMakeFiles/GENIUS.dir/C_/Users/Nicholas/.pico-sdk/sdk/2.1.1/src/rp2_common/hardware_sync_spin_lock/sync_spin_lock.c.obj
                0x10000d2c                spin_locks_reset
 .text.runtime_init_per_core_irq_priorities
                0x10000d48       0x24 CMakeFiles/GENIUS.dir/C_/Users/Nicholas/.pico-sdk/sdk/2.1.1/src/rp2_common/hardware_irq/irq.c.obj
                0x10000d48                runtime_init_per_core_irq_priorities
 .text.irq_set_enabled
                0x10000d6c       0x24 CMakeFiles/GENIUS.dir/C_/Users/Nicholas/.pico-sdk/sdk/2.1.1/src/rp2_common/hardware_irq/irq.c.obj
                0x10000d6c                irq_set_enabled
 .text.irq_is_enabled
                0x10000d90       0x18 CMakeFiles/GENIUS.dir/C_/Users/Nicholas/.pico-sdk/sdk/2.1.1/src/rp2_common/hardware_irq/irq.c.obj
                0x10000d90                irq_is_enabled
 .text.irq_set_pending
                0x10000da8       0x10 CMakeFiles/GENIUS.dir/C_/Users/Nicholas/.pico-sdk/sdk/2.1.1/src/rp2_common/hardware_irq/irq.c.obj
                0x10000da8                irq_set_pending
 .text.irq_has_shared_handler
                0x10000db8       0x24 CMakeFiles/GENIUS.dir/C_/Users/Nicholas/.pico-sdk/sdk/2.1.1/src/rp2_common/hardware_irq/irq.c.obj
                0x10000db8                irq_has_shared_handler
 .text.irq_set_exclusive_handler
                0x10000ddc       0x54 CMakeFiles/GENIUS.dir/C_/Users/Nicholas/.pico-sdk/sdk/2.1.1/src/rp2_common/hardware_irq/irq.c.obj
                0x10000ddc                irq_set_exclusive_handler
 .text.irq_add_shared_handler
                0x10000e30      0x1f4 CMakeFiles/GENIUS.dir/C_/Users/Nicholas/.pico-sdk/sdk/2.1.1/src/rp2_common/hardware_irq/irq.c.obj
                0x10000e30                irq_add_shared_handler
 .text.irq_remove_handler
                0x10001024      0x1d4 CMakeFiles/GENIUS.dir/C_/Users/Nicholas/.pico-sdk/sdk/2.1.1/src/rp2_common/hardware_irq/irq.c.obj
                0x10001024                irq_remove_handler
 .text.irq_add_tail_to_free_list
                0x100011f8       0xb4 CMakeFiles/GENIUS.dir/C_/Users/Nicholas/.pico-sdk/sdk/2.1.1/src/rp2_common/hardware_irq/irq.c.obj
                0x100011f8                irq_add_tail_to_free_list
 .text.user_irq_claim_unused
                0x100012ac       0x2c CMakeFiles/GENIUS.dir/C_/Users/Nicholas/.pico-sdk/sdk/2.1.1/src/rp2_common/hardware_irq/irq.c.obj
                0x100012ac                user_irq_claim_unused
 .text.lock_init
                0x100012d8       0x10 CMakeFiles/GENIUS.dir/C_/Users/Nicholas/.pico-sdk/sdk/2.1.1/src/common/pico_sync/lock_core.c.obj
                0x100012d8                lock_init
 .text.runtime_init_mutex
                0x100012e8       0x50 CMakeFiles/GENIUS.dir/C_/Users/Nicholas/.pico-sdk/sdk/2.1.1/src/common/pico_sync/mutex.c.obj
                0x100012e8                runtime_init_mutex
 .text.mutex_init
                0x10001338       0x1c CMakeFiles/GENIUS.dir/C_/Users/Nicholas/.pico-sdk/sdk/2.1.1/src/common/pico_sync/mutex.c.obj
                0x10001338                mutex_init
 .text.critical_section_init
                0x10001354       0x1c CMakeFiles/GENIUS.dir/C_/Users/Nicholas/.pico-sdk/sdk/2.1.1/src/common/pico_sync/critical_section.c.obj
                0x10001354                critical_section_init
 .text.critical_section_init_with_lock_num
                0x10001370       0x14 CMakeFiles/GENIUS.dir/C_/Users/Nicholas/.pico-sdk/sdk/2.1.1/src/common/pico_sync/critical_section.c.obj
                0x10001370                critical_section_init_with_lock_num
 .text.sleep_until_callback
                0x10001384       0x30 CMakeFiles/GENIUS.dir/C_/Users/Nicholas/.pico-sdk/sdk/2.1.1/src/common/pico_time/time.c.obj
 .text.alarm_pool_irq_handler
                0x100013b4      0x300 CMakeFiles/GENIUS.dir/C_/Users/Nicholas/.pico-sdk/sdk/2.1.1/src/common/pico_time/time.c.obj
 .text.runtime_init_default_alarm_pool
                0x100016b4       0xdc CMakeFiles/GENIUS.dir/C_/Users/Nicholas/.pico-sdk/sdk/2.1.1/src/common/pico_time/time.c.obj
                0x100016b4                runtime_init_default_alarm_pool
 .text.alarm_pool_get_default
                0x10001790        0x8 CMakeFiles/GENIUS.dir/C_/Users/Nicholas/.pico-sdk/sdk/2.1.1/src/common/pico_time/time.c.obj
                0x10001790                alarm_pool_get_default
 .text.alarm_pool_add_alarm_at
                0x10001798       0xd0 CMakeFiles/GENIUS.dir/C_/Users/Nicholas/.pico-sdk/sdk/2.1.1/src/common/pico_time/time.c.obj
                0x10001798                alarm_pool_add_alarm_at
 .text.alarm_pool_add_alarm_at_force_in_context
                0x10001868       0xb0 CMakeFiles/GENIUS.dir/C_/Users/Nicholas/.pico-sdk/sdk/2.1.1/src/common/pico_time/time.c.obj
                0x10001868                alarm_pool_add_alarm_at_force_in_context
 .text.alarm_pool_cancel_alarm
                0x10001918       0x74 CMakeFiles/GENIUS.dir/C_/Users/Nicholas/.pico-sdk/sdk/2.1.1/src/common/pico_time/time.c.obj
                0x10001918                alarm_pool_cancel_alarm
 .text.alarm_pool_core_num
                0x1000198c        0x4 CMakeFiles/GENIUS.dir/C_/Users/Nicholas/.pico-sdk/sdk/2.1.1/src/common/pico_time/time.c.obj
                0x1000198c                alarm_pool_core_num
 .text.sleep_ms
                0x10001990       0xfc CMakeFiles/GENIUS.dir/C_/Users/Nicholas/.pico-sdk/sdk/2.1.1/src/common/pico_time/time.c.obj
                0x10001990                sleep_ms
 .text.best_effort_wfe_or_timeout
                0x10001a8c      0x10c CMakeFiles/GENIUS.dir/C_/Users/Nicholas/.pico-sdk/sdk/2.1.1/src/common/pico_time/time.c.obj
                0x10001a8c                best_effort_wfe_or_timeout
 .text.timer_hardware_alarm_claim
                0x10001b98       0x14 CMakeFiles/GENIUS.dir/C_/Users/Nicholas/.pico-sdk/sdk/2.1.1/src/rp2_common/hardware_timer/timer.c.obj
                0x10001b98                timer_hardware_alarm_claim
 .text.timer_time_us_64
                0x10001bac       0x10 CMakeFiles/GENIUS.dir/C_/Users/Nicholas/.pico-sdk/sdk/2.1.1/src/rp2_common/hardware_timer/timer.c.obj
                0x10001bac                timer_time_us_64
 .text.time_us_64
                0x10001bbc       0x14 CMakeFiles/GENIUS.dir/C_/Users/Nicholas/.pico-sdk/sdk/2.1.1/src/rp2_common/hardware_timer/timer.c.obj
                0x10001bbc                time_us_64
 .text.busy_wait_us
                0x10001bd0       0x68 CMakeFiles/GENIUS.dir/C_/Users/Nicholas/.pico-sdk/sdk/2.1.1/src/rp2_common/hardware_timer/timer.c.obj
                0x10001bd0                busy_wait_us
 .text.busy_wait_until
                0x10001c38       0x20 CMakeFiles/GENIUS.dir/C_/Users/Nicholas/.pico-sdk/sdk/2.1.1/src/rp2_common/hardware_timer/timer.c.obj
                0x10001c38                busy_wait_until
 .text.clock_configure_int_divider
                0x10001c58       0xf4 CMakeFiles/GENIUS.dir/C_/Users/Nicholas/.pico-sdk/sdk/2.1.1/src/rp2_common/hardware_clocks/clocks.c.obj
                0x10001c58                clock_configure_int_divider
 .text.clock_configure_undivided
                0x10001d4c       0xe8 CMakeFiles/GENIUS.dir/C_/Users/Nicholas/.pico-sdk/sdk/2.1.1/src/rp2_common/hardware_clocks/clocks.c.obj
                0x10001d4c                clock_configure_undivided
 .text.clock_get_hz
                0x10001e34        0xc CMakeFiles/GENIUS.dir/C_/Users/Nicholas/.pico-sdk/sdk/2.1.1/src/rp2_common/hardware_clocks/clocks.c.obj
                0x10001e34                clock_get_hz
 .text.pll_init
                0x10001e40       0xa4 CMakeFiles/GENIUS.dir/C_/Users/Nicholas/.pico-sdk/sdk/2.1.1/src/rp2_common/hardware_pll/pll.c.obj
                0x10001e40                pll_init
 .text.watchdog_reboot
                0x10001ee4       0x9c CMakeFiles/GENIUS.dir/C_/Users/Nicholas/.pico-sdk/sdk/2.1.1/src/rp2_common/hardware_watchdog/watchdog.c.obj
                0x10001ee4                watchdog_reboot
 .text.tick_start
                0x10001f80       0x10 CMakeFiles/GENIUS.dir/C_/Users/Nicholas/.pico-sdk/sdk/2.1.1/src/rp2_common/hardware_ticks/ticks.c.obj
                0x10001f80                tick_start
 .text.rom_func_lookup
                0x10001f90       0x10 CMakeFiles/GENIUS.dir/C_/Users/Nicholas/.pico-sdk/sdk/2.1.1/src/rp2_common/pico_bootrom/bootrom.c.obj
                0x10001f90                rom_func_lookup
 .text.rom_data_lookup
                0x10001fa0       0x10 CMakeFiles/GENIUS.dir/C_/Users/Nicholas/.pico-sdk/sdk/2.1.1/src/rp2_common/pico_bootrom/bootrom.c.obj
                0x10001fa0                rom_data_lookup
 .text.rom_funcs_lookup
                0x10001fb0       0x44 CMakeFiles/GENIUS.dir/C_/Users/Nicholas/.pico-sdk/sdk/2.1.1/src/rp2_common/pico_bootrom/bootrom.c.obj
                0x10001fb0                rom_funcs_lookup
 .text.rom_reset_usb_boot_extra
                0x10001ff4       0x24 CMakeFiles/GENIUS.dir/C_/Users/Nicholas/.pico-sdk/sdk/2.1.1/src/rp2_common/pico_bootrom/bootrom.c.obj
                0x10001ff4                rom_reset_usb_boot_extra
 .text.xosc_init
                0x10002018       0x28 CMakeFiles/GENIUS.dir/C_/Users/Nicholas/.pico-sdk/sdk/2.1.1/src/rp2_common/hardware_xosc/xosc.c.obj
                0x10002018                xosc_init
 .text.first_per_core_initializer
                0x10002040        0x4 CMakeFiles/GENIUS.dir/C_/Users/Nicholas/.pico-sdk/sdk/2.1.1/src/rp2_common/pico_runtime/runtime.c.obj
 .text.hard_assertion_failure
                0x10002044        0xc CMakeFiles/GENIUS.dir/C_/Users/Nicholas/.pico-sdk/sdk/2.1.1/src/rp2_common/pico_runtime/runtime.c.obj
                0x10002044                hard_assertion_failure
 .text.runtime_run_initializers
                0x10002050       0x28 CMakeFiles/GENIUS.dir/C_/Users/Nicholas/.pico-sdk/sdk/2.1.1/src/rp2_common/pico_runtime/runtime.c.obj
                0x10002050                runtime_run_initializers
 .text.runtime_init_early_resets
                0x10002078       0x2c CMakeFiles/GENIUS.dir/C_/Users/Nicholas/.pico-sdk/sdk/2.1.1/src/rp2_common/pico_runtime_init/runtime_init.c.obj
                0x10002078                runtime_init_early_resets
 .text.runtime_init_usb_power_down
                0x100020a4       0x1c CMakeFiles/GENIUS.dir/C_/Users/Nicholas/.pico-sdk/sdk/2.1.1/src/rp2_common/pico_runtime_init/runtime_init.c.obj
                0x100020a4                runtime_init_usb_power_down
 .text.runtime_init_post_clock_resets
                0x100020c0       0x20 CMakeFiles/GENIUS.dir/C_/Users/Nicholas/.pico-sdk/sdk/2.1.1/src/rp2_common/pico_runtime_init/runtime_init.c.obj
                0x100020c0                runtime_init_post_clock_resets
 .text.runtime_init_rp2040_gpio_ie_disable
                0x100020e0       0x14 CMakeFiles/GENIUS.dir/C_/Users/Nicholas/.pico-sdk/sdk/2.1.1/src/rp2_common/pico_runtime_init/runtime_init.c.obj
                0x100020e0                runtime_init_rp2040_gpio_ie_disable
 .text.runtime_init_spin_locks_reset
                0x100020f4        0x8 CMakeFiles/GENIUS.dir/C_/Users/Nicholas/.pico-sdk/sdk/2.1.1/src/rp2_common/pico_runtime_init/runtime_init.c.obj
                0x100020f4                runtime_init_spin_locks_reset
 .text.runtime_init_install_ram_vector_table
                0x100020fc       0x1c CMakeFiles/GENIUS.dir/C_/Users/Nicholas/.pico-sdk/sdk/2.1.1/src/rp2_common/pico_runtime_init/runtime_init.c.obj
                0x100020fc                runtime_init_install_ram_vector_table
 .text.runtime_init_clocks
                0x10002118       0xd8 CMakeFiles/GENIUS.dir/C_/Users/Nicholas/.pico-sdk/sdk/2.1.1/src/rp2_common/pico_runtime_init/runtime_init_clocks.c.obj
                0x10002118                runtime_init_clocks
 .text          0x100021f0       0x10 CMakeFiles/GENIUS.dir/C_/Users/Nicholas/.pico-sdk/sdk/2.1.1/src/rp2_common/pico_bit_ops/bit_ops_aeabi.S.obj
 .text.__wrap___aeabi_idiv
                0x10002200       0x50 CMakeFiles/GENIUS.dir/C_/Users/Nicholas/.pico-sdk/sdk/2.1.1/src/rp2_common/pico_divider/divider_hardware.S.obj
                0x10002200                __wrap___aeabi_idivmod
                0x10002200                divmod_s32s32
                0x10002200                div_s32s32
                0x10002200                __wrap___aeabi_idiv
                0x10002208                divmod_s32s32_unsafe
                0x10002234                divmod_s32s32_savestate
 .text.__wrap___aeabi_uidiv
                0x10002250       0x4c CMakeFiles/GENIUS.dir/C_/Users/Nicholas/.pico-sdk/sdk/2.1.1/src/rp2_common/pico_divider/divider_hardware.S.obj
                0x10002250                __wrap___aeabi_uidiv
                0x10002250                __wrap___aeabi_uidivmod
                0x10002250                div_u32u32
                0x10002250                divmod_u32u32
                0x10002258                divmod_u32u32_unsafe
                0x10002280                divmod_u32u32_savestate
 .text.__wrap___aeabi_ldiv
                0x1000229c      0x424 CMakeFiles/GENIUS.dir/C_/Users/Nicholas/.pico-sdk/sdk/2.1.1/src/rp2_common/pico_divider/divider_hardware.S.obj
                0x1000229c                div_s64s64
                0x1000229c                divmod_s64s64
                0x1000229c                __wrap___aeabi_ldivmod
                0x100022cc                divmod_u64u64
                0x100022cc                div_u64u64
                0x100022cc                __wrap___aeabi_uldivmod
                0x100022dc                divmod_u64u64_savestate
                0x100022fc                divmod_s64s64_unsafe
                0x10002384                divmod_u64u64_unsafe
 .text.__wrap___aeabi_darithmetic
                0x100026c0       0x60 CMakeFiles/GENIUS.dir/C_/Users/Nicholas/.pico-sdk/sdk/2.1.1/src/rp2_common/pico_double/double_aeabi_rp2040.S.obj
                0x100026c0                __wrap___aeabi_drsub
                0x100026c6                __wrap___aeabi_dsub
                0x100026d0                __wrap___aeabi_dadd
                0x100026da                __wrap___aeabi_ddiv
                0x1000270e                __wrap___aeabi_dmul
 .text.__wrap___aeabi_cdcmple
                0x10002720       0x6c CMakeFiles/GENIUS.dir/C_/Users/Nicholas/.pico-sdk/sdk/2.1.1/src/rp2_common/pico_double/double_aeabi_rp2040.S.obj
                0x10002720                __wrap___aeabi_cdrcmple
                0x10002730                __wrap___aeabi_cdcmpeq
                0x10002730                __wrap___aeabi_cdcmple
 .text.__wrap___aeabi_dcmplt
                0x1000278c        0xc CMakeFiles/GENIUS.dir/C_/Users/Nicholas/.pico-sdk/sdk/2.1.1/src/rp2_common/pico_double/double_aeabi_rp2040.S.obj
                0x1000278c                __wrap___aeabi_dcmplt
 .text.__wrap___aeabi_dcmple
                0x10002798       0x10 CMakeFiles/GENIUS.dir/C_/Users/Nicholas/.pico-sdk/sdk/2.1.1/src/rp2_common/pico_double/double_aeabi_rp2040.S.obj
                0x10002798                __wrap___aeabi_dcmple
 .text.__wrap___aeabi_dcmpge
                0x100027a8       0x10 CMakeFiles/GENIUS.dir/C_/Users/Nicholas/.pico-sdk/sdk/2.1.1/src/rp2_common/pico_double/double_aeabi_rp2040.S.obj
                0x100027a8                __wrap___aeabi_dcmpge
 .text.__wrap___aeabi_dcmpgt
                0x100027b8        0xa CMakeFiles/GENIUS.dir/C_/Users/Nicholas/.pico-sdk/sdk/2.1.1/src/rp2_common/pico_double/double_aeabi_rp2040.S.obj
                0x100027b8                __wrap___aeabi_dcmpgt
 .text.__wrap___aeabi_dcmpun
                0x100027c2       0x18 CMakeFiles/GENIUS.dir/C_/Users/Nicholas/.pico-sdk/sdk/2.1.1/src/rp2_common/pico_double/double_aeabi_rp2040.S.obj
                0x100027c2                __wrap___aeabi_dcmpun
 *fill*         0x100027da        0x2 
 .text.__wrap___aeabi_i2d
                0x100027dc       0x38 CMakeFiles/GENIUS.dir/C_/Users/Nicholas/.pico-sdk/sdk/2.1.1/src/rp2_common/pico_double/double_aeabi_rp2040.S.obj
                0x100027dc                uint2double
                0x100027dc                __wrap___aeabi_ui2d
                0x100027e4                int2double
                0x100027e4                __wrap___aeabi_i2d
 .text.__wrap___aeabi_d2iz
                0x10002814       0x48 CMakeFiles/GENIUS.dir/C_/Users/Nicholas/.pico-sdk/sdk/2.1.1/src/rp2_common/pico_double/double_aeabi_rp2040.S.obj
                0x10002814                double2int_z
                0x10002814                __wrap___aeabi_d2iz
 .text.__wrap___aeabi_d2uiz
                0x1000285c       0x10 CMakeFiles/GENIUS.dir/C_/Users/Nicholas/.pico-sdk/sdk/2.1.1/src/rp2_common/pico_double/double_aeabi_rp2040.S.obj
                0x1000285c                double2uint
                0x1000285c                __wrap___aeabi_d2uiz
                0x1000285c                double2uint_z
 .text.missing_double_func_shim
                0x1000286c        0xc CMakeFiles/GENIUS.dir/C_/Users/Nicholas/.pico-sdk/sdk/2.1.1/src/rp2_common/pico_double/double_init_rom_rp2040.c.obj
 .text.__aeabi_double_init
                0x10002878       0xa0 CMakeFiles/GENIUS.dir/C_/Users/Nicholas/.pico-sdk/sdk/2.1.1/src/rp2_common/pico_double/double_init_rom_rp2040.c.obj
                0x10002878                __aeabi_double_init
 .text.double_table_shim_on_use_helper
                0x10002918       0x2c CMakeFiles/GENIUS.dir/C_/Users/Nicholas/.pico-sdk/sdk/2.1.1/src/rp2_common/pico_double/double_v1_rom_shim_rp2040.S.obj
                0x10002918                double_table_shim_on_use_helper
 .text.__aeabi_lmul
                0x10002944       0x32 CMakeFiles/GENIUS.dir/C_/Users/Nicholas/.pico-sdk/sdk/2.1.1/src/rp2_common/pico_int64_ops/pico_int64_ops_aeabi.S.obj
                0x10002944                __wrap___aeabi_lmul
 *fill*         0x10002976        0x2 
 .text.__wrap___aeabi_farithmetic
                0x10002978       0x48 CMakeFiles/GENIUS.dir/C_/Users/Nicholas/.pico-sdk/sdk/2.1.1/src/rp2_common/pico_float/float_aeabi_rp2040.S.obj
                0x10002978                __wrap___aeabi_frsub
                0x1000297e                __wrap___aeabi_fsub
                0x10002984                __wrap___aeabi_fadd
                0x1000298a                __wrap___aeabi_fdiv
                0x100029b2                __wrap___aeabi_fmul
 .text.__wrap___aeabi_ui2f
                0x100029c0        0xa CMakeFiles/GENIUS.dir/C_/Users/Nicholas/.pico-sdk/sdk/2.1.1/src/rp2_common/pico_float/float_aeabi_rp2040.S.obj
                0x100029c0                __wrap___aeabi_ui2f
                0x100029c0                uint2float
 *fill*         0x100029ca        0x2 
 .text.__wrap___aeabi_i2f
                0x100029cc       0x44 CMakeFiles/GENIUS.dir/C_/Users/Nicholas/.pico-sdk/sdk/2.1.1/src/rp2_common/pico_float/float_aeabi_rp2040.S.obj
                0x100029cc                __wrap___aeabi_i2f
                0x100029cc                int2float
 .text.__wrap___aeabi_f2iz
                0x10002a10       0x4e CMakeFiles/GENIUS.dir/C_/Users/Nicholas/.pico-sdk/sdk/2.1.1/src/rp2_common/pico_float/float_aeabi_rp2040.S.obj
                0x10002a10                float2int_z
                0x10002a10                __wrap___aeabi_f2iz
 *fill*         0x10002a5e        0x2 
 .text.float2int
                0x10002a60        0xc CMakeFiles/GENIUS.dir/C_/Users/Nicholas/.pico-sdk/sdk/2.1.1/src/rp2_common/pico_float/float_aeabi_rp2040.S.obj
                0x10002a60                float2int
 .text.__wrap___aeabi_f2uiz
                0x10002a6c        0xc CMakeFiles/GENIUS.dir/C_/Users/Nicholas/.pico-sdk/sdk/2.1.1/src/rp2_common/pico_float/float_aeabi_rp2040.S.obj
                0x10002a6c                float2uint_z
                0x10002a6c                __wrap___aeabi_f2uiz
                0x10002a6c                float2uint
 .text.missing_float_func_shim
                0x10002a78        0xc CMakeFiles/GENIUS.dir/C_/Users/Nicholas/.pico-sdk/sdk/2.1.1/src/rp2_common/pico_float/float_init_rom_rp2040.c.obj
 .text.__aeabi_float_init
                0x10002a84       0x5c CMakeFiles/GENIUS.dir/C_/Users/Nicholas/.pico-sdk/sdk/2.1.1/src/rp2_common/pico_float/float_init_rom_rp2040.c.obj
                0x10002a84                __aeabi_float_init
 .text          0x10002ae0       0x10 CMakeFiles/GENIUS.dir/C_/Users/Nicholas/.pico-sdk/sdk/2.1.1/src/rp2_common/pico_mem_ops/mem_ops_aeabi.S.obj
                0x10002ae0                __aeabi_mem_init
 .text.memset   0x10002af0        0xc CMakeFiles/GENIUS.dir/C_/Users/Nicholas/.pico-sdk/sdk/2.1.1/src/rp2_common/pico_mem_ops/mem_ops_aeabi.S.obj
                0x10002af0                __wrap_memset
 .text.memcpy   0x10002afc        0xc CMakeFiles/GENIUS.dir/C_/Users/Nicholas/.pico-sdk/sdk/2.1.1/src/rp2_common/pico_mem_ops/mem_ops_aeabi.S.obj
                0x10002afc                __wrap_memcpy
                0x10002afc                __wrap___aeabi_memcpy
 .text._out_null
                0x10002b08        0x4 CMakeFiles/GENIUS.dir/C_/Users/Nicholas/.pico-sdk/sdk/2.1.1/src/rp2_common/pico_printf/printf.c.obj
 .text._out_rev
                0x10002b0c       0xac CMakeFiles/GENIUS.dir/C_/Users/Nicholas/.pico-sdk/sdk/2.1.1/src/rp2_common/pico_printf/printf.c.obj
 .text._ntoa_format
                0x10002bb8      0x1cc CMakeFiles/GENIUS.dir/C_/Users/Nicholas/.pico-sdk/sdk/2.1.1/src/rp2_common/pico_printf/printf.c.obj
 .text._out_char
                0x10002d84       0x10 CMakeFiles/GENIUS.dir/C_/Users/Nicholas/.pico-sdk/sdk/2.1.1/src/rp2_common/pico_printf/printf.c.obj
 .text._out_fct
                0x10002d94       0x10 CMakeFiles/GENIUS.dir/C_/Users/Nicholas/.pico-sdk/sdk/2.1.1/src/rp2_common/pico_printf/printf.c.obj
 .text._ftoa    0x10002da4      0x4a8 CMakeFiles/GENIUS.dir/C_/Users/Nicholas/.pico-sdk/sdk/2.1.1/src/rp2_common/pico_printf/printf.c.obj
 .text._etoa    0x1000324c      0x57c CMakeFiles/GENIUS.dir/C_/Users/Nicholas/.pico-sdk/sdk/2.1.1/src/rp2_common/pico_printf/printf.c.obj
 .text._vsnprintf
                0x100037c8      0xbe0 CMakeFiles/GENIUS.dir/C_/Users/Nicholas/.pico-sdk/sdk/2.1.1/src/rp2_common/pico_printf/printf.c.obj
 .text.vfctprintf
                0x100043a8       0x24 CMakeFiles/GENIUS.dir/C_/Users/Nicholas/.pico-sdk/sdk/2.1.1/src/rp2_common/pico_printf/printf.c.obj
                0x100043a8                vfctprintf
 .text.weak_raw_vprintf
                0x100043cc       0x30 CMakeFiles/GENIUS.dir/C_/Users/Nicholas/.pico-sdk/sdk/2.1.1/src/rp2_common/pico_printf/printf.c.obj
                0x100043cc                weak_raw_vprintf
 .text._exit    0x100043fc        0x4 CMakeFiles/GENIUS.dir/C_/Users/Nicholas/.pico-sdk/sdk/2.1.1/src/rp2_common/pico_clib_interface/newlib_interface.c.obj
                0x100043fc                _exit
 .text._sbrk    0x10004400       0x34 CMakeFiles/GENIUS.dir/C_/Users/Nicholas/.pico-sdk/sdk/2.1.1/src/rp2_common/pico_clib_interface/newlib_interface.c.obj
                0x10004400                _sbrk
 .text._read    0x10004434       0x24 CMakeFiles/GENIUS.dir/C_/Users/Nicholas/.pico-sdk/sdk/2.1.1/src/rp2_common/pico_clib_interface/newlib_interface.c.obj
                0x10004434                _read
 .text._write   0x10004458       0x24 CMakeFiles/GENIUS.dir/C_/Users/Nicholas/.pico-sdk/sdk/2.1.1/src/rp2_common/pico_clib_interface/newlib_interface.c.obj
                0x10004458                _write
 .text._close   0x1000447c        0x8 CMakeFiles/GENIUS.dir/C_/Users/Nicholas/.pico-sdk/sdk/2.1.1/src/rp2_common/pico_clib_interface/newlib_interface.c.obj
                0x1000447c                _close
 .text._lseek   0x10004484        0x8 CMakeFiles/GENIUS.dir/C_/Users/Nicholas/.pico-sdk/sdk/2.1.1/src/rp2_common/pico_clib_interface/newlib_interface.c.obj
                0x10004484                _lseek
 .text.exit     0x1000448c        0x8 CMakeFiles/GENIUS.dir/C_/Users/Nicholas/.pico-sdk/sdk/2.1.1/src/rp2_common/pico_clib_interface/newlib_interface.c.obj
                0x1000448c                exit
 .text.runtime_init
                0x10004494       0x2c CMakeFiles/GENIUS.dir/C_/Users/Nicholas/.pico-sdk/sdk/2.1.1/src/rp2_common/pico_clib_interface/newlib_interface.c.obj
                0x10004494                runtime_init
 .text.stdio_out_chars_no_crlf
                0x100044c0       0x10 CMakeFiles/GENIUS.dir/C_/Users/Nicholas/.pico-sdk/sdk/2.1.1/src/rp2_common/pico_stdio/stdio.c.obj
 .text.stdio_out_chars_crlf
                0x100044d0       0xb0 CMakeFiles/GENIUS.dir/C_/Users/Nicholas/.pico-sdk/sdk/2.1.1/src/rp2_common/pico_stdio/stdio.c.obj
 .text.stdio_buffered_printer
                0x10004580       0x64 CMakeFiles/GENIUS.dir/C_/Users/Nicholas/.pico-sdk/sdk/2.1.1/src/rp2_common/pico_stdio/stdio.c.obj
 .text.stdio_put_string
                0x100045e4       0xfc CMakeFiles/GENIUS.dir/C_/Users/Nicholas/.pico-sdk/sdk/2.1.1/src/rp2_common/pico_stdio/stdio.c.obj
                0x100045e4                stdio_put_string
 .text.stdio_get_until
                0x100046e0       0x84 CMakeFiles/GENIUS.dir/C_/Users/Nicholas/.pico-sdk/sdk/2.1.1/src/rp2_common/pico_stdio/stdio.c.obj
                0x100046e0                stdio_get_until
 .text.stdio_set_driver_enabled
                0x10004764       0x30 CMakeFiles/GENIUS.dir/C_/Users/Nicholas/.pico-sdk/sdk/2.1.1/src/rp2_common/pico_stdio/stdio.c.obj
                0x10004764                stdio_set_driver_enabled
 .text.stdio_init_all
                0x10004794        0x8 CMakeFiles/GENIUS.dir/C_/Users/Nicholas/.pico-sdk/sdk/2.1.1/src/rp2_common/pico_stdio/stdio.c.obj
                0x10004794                stdio_init_all
 .text.__wrap_putchar
                0x1000479c       0x94 CMakeFiles/GENIUS.dir/C_/Users/Nicholas/.pico-sdk/sdk/2.1.1/src/rp2_common/pico_stdio/stdio.c.obj
                0x1000479c                __wrap_putchar
                0x1000479c                stdio_putchar
 .text.__wrap_puts
                0x10004830       0x3c CMakeFiles/GENIUS.dir/C_/Users/Nicholas/.pico-sdk/sdk/2.1.1/src/rp2_common/pico_stdio/stdio.c.obj
                0x10004830                stdio_puts
                0x10004830                __wrap_puts
 .text.__wrap_vprintf
                0x1000486c       0xcc CMakeFiles/GENIUS.dir/C_/Users/Nicholas/.pico-sdk/sdk/2.1.1/src/rp2_common/pico_stdio/stdio.c.obj
                0x1000486c                stdio_vprintf
                0x1000486c                __wrap_vprintf
 .text.__wrap_printf
                0x10004938       0x18 CMakeFiles/GENIUS.dir/C_/Users/Nicholas/.pico-sdk/sdk/2.1.1/src/rp2_common/pico_stdio/stdio.c.obj
                0x10004938                __wrap_printf
                0x10004938                stdio_printf
 .text.resetd_init
                0x10004950        0x4 CMakeFiles/GENIUS.dir/C_/Users/Nicholas/.pico-sdk/sdk/2.1.1/src/rp2_common/pico_stdio_usb/reset_interface.c.obj
 .text.resetd_reset
                0x10004954        0xc CMakeFiles/GENIUS.dir/C_/Users/Nicholas/.pico-sdk/sdk/2.1.1/src/rp2_common/pico_stdio_usb/reset_interface.c.obj
 .text.resetd_open
                0x10004960       0x28 CMakeFiles/GENIUS.dir/C_/Users/Nicholas/.pico-sdk/sdk/2.1.1/src/rp2_common/pico_stdio_usb/reset_interface.c.obj
 .text.resetd_xfer_cb
                0x10004988        0x4 CMakeFiles/GENIUS.dir/C_/Users/Nicholas/.pico-sdk/sdk/2.1.1/src/rp2_common/pico_stdio_usb/reset_interface.c.obj
 .text.resetd_control_xfer_cb
                0x1000498c       0x54 CMakeFiles/GENIUS.dir/C_/Users/Nicholas/.pico-sdk/sdk/2.1.1/src/rp2_common/pico_stdio_usb/reset_interface.c.obj
 .text.tud_descriptor_bos_cb
                0x100049e0        0x8 CMakeFiles/GENIUS.dir/C_/Users/Nicholas/.pico-sdk/sdk/2.1.1/src/rp2_common/pico_stdio_usb/reset_interface.c.obj
                0x100049e0                tud_descriptor_bos_cb
 .text.tud_vendor_control_xfer_cb
                0x100049e8       0x34 CMakeFiles/GENIUS.dir/C_/Users/Nicholas/.pico-sdk/sdk/2.1.1/src/rp2_common/pico_stdio_usb/reset_interface.c.obj
                0x100049e8                tud_vendor_control_xfer_cb
 .text.usbd_app_driver_get_cb
                0x10004a1c        0xc CMakeFiles/GENIUS.dir/C_/Users/Nicholas/.pico-sdk/sdk/2.1.1/src/rp2_common/pico_stdio_usb/reset_interface.c.obj
                0x10004a1c                usbd_app_driver_get_cb
 .text.tud_cdc_line_coding_cb
                0x10004a28       0x2c CMakeFiles/GENIUS.dir/C_/Users/Nicholas/.pico-sdk/sdk/2.1.1/src/rp2_common/pico_stdio_usb/reset_interface.c.obj
                0x10004a28                tud_cdc_line_coding_cb
 .text.stdio_usb_set_chars_available_callback
                0x10004a54       0x14 CMakeFiles/GENIUS.dir/C_/Users/Nicholas/.pico-sdk/sdk/2.1.1/src/rp2_common/pico_stdio_usb/stdio_usb.c.obj
                0x10004a54                stdio_usb_set_chars_available_callback
 .text.usb_irq  0x10004a68       0x10 CMakeFiles/GENIUS.dir/C_/Users/Nicholas/.pico-sdk/sdk/2.1.1/src/rp2_common/pico_stdio_usb/stdio_usb.c.obj
 .text.timer_task
                0x10004a78       0x64 CMakeFiles/GENIUS.dir/C_/Users/Nicholas/.pico-sdk/sdk/2.1.1/src/rp2_common/pico_stdio_usb/stdio_usb.c.obj
 .text.stdio_usb_in_chars
                0x10004adc       0x8c CMakeFiles/GENIUS.dir/C_/Users/Nicholas/.pico-sdk/sdk/2.1.1/src/rp2_common/pico_stdio_usb/stdio_usb.c.obj
                0x10004adc                stdio_usb_in_chars
 .text.stdio_usb_out_flush
                0x10004b68       0x4c CMakeFiles/GENIUS.dir/C_/Users/Nicholas/.pico-sdk/sdk/2.1.1/src/rp2_common/pico_stdio_usb/stdio_usb.c.obj
 .text.stdio_usb_out_chars
                0x10004bb4      0x100 CMakeFiles/GENIUS.dir/C_/Users/Nicholas/.pico-sdk/sdk/2.1.1/src/rp2_common/pico_stdio_usb/stdio_usb.c.obj
 .text.low_priority_worker_irq
                0x10004cb4       0xc8 CMakeFiles/GENIUS.dir/C_/Users/Nicholas/.pico-sdk/sdk/2.1.1/src/rp2_common/pico_stdio_usb/stdio_usb.c.obj
 .text.stdio_usb_init
                0x10004d7c       0xe8 CMakeFiles/GENIUS.dir/C_/Users/Nicholas/.pico-sdk/sdk/2.1.1/src/rp2_common/pico_stdio_usb/stdio_usb.c.obj
                0x10004d7c                stdio_usb_init
 .text.tud_descriptor_device_cb
                0x10004e64        0x8 CMakeFiles/GENIUS.dir/C_/Users/Nicholas/.pico-sdk/sdk/2.1.1/src/rp2_common/pico_stdio_usb/stdio_usb_descriptors.c.obj
                0x10004e64                tud_descriptor_device_cb
 .text.tud_descriptor_configuration_cb
                0x10004e6c        0x8 CMakeFiles/GENIUS.dir/C_/Users/Nicholas/.pico-sdk/sdk/2.1.1/src/rp2_common/pico_stdio_usb/stdio_usb_descriptors.c.obj
                0x10004e6c                tud_descriptor_configuration_cb
 .text.tud_descriptor_string_cb
                0x10004e74       0x78 CMakeFiles/GENIUS.dir/C_/Users/Nicholas/.pico-sdk/sdk/2.1.1/src/rp2_common/pico_stdio_usb/stdio_usb_descriptors.c.obj
                0x10004e74                tud_descriptor_string_cb
 .text.startup._retrieve_unique_id_on_boot
                0x10004eec       0x10 CMakeFiles/GENIUS.dir/C_/Users/Nicholas/.pico-sdk/sdk/2.1.1/src/rp2_common/pico_unique_id/unique_id.c.obj
 .text.pico_get_unique_board_id_string
                0x10004efc      0x1a8 CMakeFiles/GENIUS.dir/C_/Users/Nicholas/.pico-sdk/sdk/2.1.1/src/rp2_common/pico_unique_id/unique_id.c.obj
                0x10004efc                pico_get_unique_board_id_string
 .text.flash_get_unique_id
                0x100050a4       0x3c CMakeFiles/GENIUS.dir/C_/Users/Nicholas/.pico-sdk/sdk/2.1.1/src/rp2_common/hardware_flash/flash.c.obj
                0x100050a4                flash_get_unique_id
 .text.dcd_init
                0x100050e0       0x90 CMakeFiles/GENIUS.dir/C_/Users/Nicholas/.pico-sdk/sdk/2.1.1/lib/tinyusb/src/portable/raspberrypi/rp2040/dcd_rp2040.c.obj
                0x100050e0                dcd_init
 .text.dcd_int_enable
                0x10005170        0xc CMakeFiles/GENIUS.dir/C_/Users/Nicholas/.pico-sdk/sdk/2.1.1/lib/tinyusb/src/portable/raspberrypi/rp2040/dcd_rp2040.c.obj
                0x10005170                dcd_int_enable
 .text.dcd_set_address
                0x1000517c       0x14 CMakeFiles/GENIUS.dir/C_/Users/Nicholas/.pico-sdk/sdk/2.1.1/lib/tinyusb/src/portable/raspberrypi/rp2040/dcd_rp2040.c.obj
                0x1000517c                dcd_set_address
 .text.dcd_sof_enable
                0x10005190       0x1c CMakeFiles/GENIUS.dir/C_/Users/Nicholas/.pico-sdk/sdk/2.1.1/lib/tinyusb/src/portable/raspberrypi/rp2040/dcd_rp2040.c.obj
                0x10005190                dcd_sof_enable
 .text.dcd_edpt0_status_complete
                0x100051ac       0x1c CMakeFiles/GENIUS.dir/C_/Users/Nicholas/.pico-sdk/sdk/2.1.1/lib/tinyusb/src/portable/raspberrypi/rp2040/dcd_rp2040.c.obj
                0x100051ac                dcd_edpt0_status_complete
 .text.dcd_edpt_open
                0x100051c8      0x114 CMakeFiles/GENIUS.dir/C_/Users/Nicholas/.pico-sdk/sdk/2.1.1/lib/tinyusb/src/portable/raspberrypi/rp2040/dcd_rp2040.c.obj
                0x100051c8                dcd_edpt_open
 .text.dcd_edpt_close_all
                0x100052dc        0x8 CMakeFiles/GENIUS.dir/C_/Users/Nicholas/.pico-sdk/sdk/2.1.1/lib/tinyusb/src/portable/raspberrypi/rp2040/dcd_rp2040.c.obj
                0x100052dc                dcd_edpt_close_all
 .text.dcd_edpt_xfer
                0x100052e4       0x24 CMakeFiles/GENIUS.dir/C_/Users/Nicholas/.pico-sdk/sdk/2.1.1/lib/tinyusb/src/portable/raspberrypi/rp2040/dcd_rp2040.c.obj
                0x100052e4                dcd_edpt_xfer
 .text.dcd_edpt_stall
                0x10005308       0x3c CMakeFiles/GENIUS.dir/C_/Users/Nicholas/.pico-sdk/sdk/2.1.1/lib/tinyusb/src/portable/raspberrypi/rp2040/dcd_rp2040.c.obj
                0x10005308                dcd_edpt_stall
 .text.dcd_edpt_clear_stall
                0x10005344       0x30 CMakeFiles/GENIUS.dir/C_/Users/Nicholas/.pico-sdk/sdk/2.1.1/lib/tinyusb/src/portable/raspberrypi/rp2040/dcd_rp2040.c.obj
                0x10005344                dcd_edpt_clear_stall
 .text.rp2040_usb_init
                0x10005374       0x40 CMakeFiles/GENIUS.dir/C_/Users/Nicholas/.pico-sdk/sdk/2.1.1/lib/tinyusb/src/portable/raspberrypi/rp2040/rp2040_usb.c.obj
                0x10005374                rp2040_usb_init
 .text.hw_endpoint_xfer_start
                0x100053b4       0x40 CMakeFiles/GENIUS.dir/C_/Users/Nicholas/.pico-sdk/sdk/2.1.1/lib/tinyusb/src/portable/raspberrypi/rp2040/rp2040_usb.c.obj
                0x100053b4                hw_endpoint_xfer_start
 .text.tud_event_hook_cb
                0x100053f4        0x4 CMakeFiles/GENIUS.dir/C_/Users/Nicholas/.pico-sdk/sdk/2.1.1/lib/tinyusb/src/device/usbd.c.obj
                0x100053f4                tud_event_hook_cb
 .text.tud_sof_cb
                0x100053f8        0x4 CMakeFiles/GENIUS.dir/C_/Users/Nicholas/.pico-sdk/sdk/2.1.1/lib/tinyusb/src/device/usbd.c.obj
                0x100053f8                tud_sof_cb
 .text.tud_descriptor_device_qualifier_cb
                0x100053fc        0x4 CMakeFiles/GENIUS.dir/C_/Users/Nicholas/.pico-sdk/sdk/2.1.1/lib/tinyusb/src/device/usbd.c.obj
                0x100053fc                tud_descriptor_device_qualifier_cb
 .text.tud_descriptor_other_speed_configuration_cb
                0x10005400        0x4 CMakeFiles/GENIUS.dir/C_/Users/Nicholas/.pico-sdk/sdk/2.1.1/lib/tinyusb/src/device/usbd.c.obj
                0x10005400                tud_descriptor_other_speed_configuration_cb
 .text.tud_mount_cb
                0x10005404        0x4 CMakeFiles/GENIUS.dir/C_/Users/Nicholas/.pico-sdk/sdk/2.1.1/lib/tinyusb/src/device/usbd.c.obj
                0x10005404                tud_mount_cb
 .text.tud_umount_cb
                0x10005408        0x4 CMakeFiles/GENIUS.dir/C_/Users/Nicholas/.pico-sdk/sdk/2.1.1/lib/tinyusb/src/device/usbd.c.obj
                0x10005408                tud_umount_cb
 .text.tud_suspend_cb
                0x1000540c        0x4 CMakeFiles/GENIUS.dir/C_/Users/Nicholas/.pico-sdk/sdk/2.1.1/lib/tinyusb/src/device/usbd.c.obj
                0x1000540c                tud_suspend_cb
 .text.tud_resume_cb
                0x10005410        0x4 CMakeFiles/GENIUS.dir/C_/Users/Nicholas/.pico-sdk/sdk/2.1.1/lib/tinyusb/src/device/usbd.c.obj
                0x10005410                tud_resume_cb
 .text.tud_mounted
                0x10005414       0x10 CMakeFiles/GENIUS.dir/C_/Users/Nicholas/.pico-sdk/sdk/2.1.1/lib/tinyusb/src/device/usbd.c.obj
                0x10005414                tud_mounted
 .text.tud_suspended
                0x10005424       0x10 CMakeFiles/GENIUS.dir/C_/Users/Nicholas/.pico-sdk/sdk/2.1.1/lib/tinyusb/src/device/usbd.c.obj
                0x10005424                tud_suspended
 .text.tud_rhport_init
                0x10005434       0xf4 CMakeFiles/GENIUS.dir/C_/Users/Nicholas/.pico-sdk/sdk/2.1.1/lib/tinyusb/src/device/usbd.c.obj
                0x10005434                tud_rhport_init
 .text.tud_task_ext
                0x10005528      0x800 CMakeFiles/GENIUS.dir/C_/Users/Nicholas/.pico-sdk/sdk/2.1.1/lib/tinyusb/src/device/usbd.c.obj
                0x10005528                tud_task_ext
 .text.usbd_open_edpt_pair
                0x10005d28       0x9c CMakeFiles/GENIUS.dir/C_/Users/Nicholas/.pico-sdk/sdk/2.1.1/lib/tinyusb/src/device/usbd.c.obj
                0x10005d28                usbd_open_edpt_pair
 .text.usbd_edpt_open
                0x10005dc4       0x34 CMakeFiles/GENIUS.dir/C_/Users/Nicholas/.pico-sdk/sdk/2.1.1/lib/tinyusb/src/device/usbd.c.obj
                0x10005dc4                usbd_edpt_open
 .text.usbd_edpt_claim
                0x10005df8       0x28 CMakeFiles/GENIUS.dir/C_/Users/Nicholas/.pico-sdk/sdk/2.1.1/lib/tinyusb/src/device/usbd.c.obj
                0x10005df8                usbd_edpt_claim
 .text.usbd_edpt_release
                0x10005e20       0x28 CMakeFiles/GENIUS.dir/C_/Users/Nicholas/.pico-sdk/sdk/2.1.1/lib/tinyusb/src/device/usbd.c.obj
                0x10005e20                usbd_edpt_release
 .text.usbd_edpt_xfer
                0x10005e48       0x4c CMakeFiles/GENIUS.dir/C_/Users/Nicholas/.pico-sdk/sdk/2.1.1/lib/tinyusb/src/device/usbd.c.obj
                0x10005e48                usbd_edpt_xfer
 .text.tud_control_status
                0x10005e94       0x2c CMakeFiles/GENIUS.dir/C_/Users/Nicholas/.pico-sdk/sdk/2.1.1/lib/tinyusb/src/device/usbd_control.c.obj
                0x10005e94                tud_control_status
 .text.tud_control_xfer
                0x10005ec0       0xa8 CMakeFiles/GENIUS.dir/C_/Users/Nicholas/.pico-sdk/sdk/2.1.1/lib/tinyusb/src/device/usbd_control.c.obj
                0x10005ec0                tud_control_xfer
 .text.usbd_control_reset
                0x10005f68       0x14 CMakeFiles/GENIUS.dir/C_/Users/Nicholas/.pico-sdk/sdk/2.1.1/lib/tinyusb/src/device/usbd_control.c.obj
                0x10005f68                usbd_control_reset
 .text.usbd_control_set_complete_callback
                0x10005f7c        0xc CMakeFiles/GENIUS.dir/C_/Users/Nicholas/.pico-sdk/sdk/2.1.1/lib/tinyusb/src/device/usbd_control.c.obj
                0x10005f7c                usbd_control_set_complete_callback
 .text.usbd_control_set_request
                0x10005f88       0x1c CMakeFiles/GENIUS.dir/C_/Users/Nicholas/.pico-sdk/sdk/2.1.1/lib/tinyusb/src/device/usbd_control.c.obj
                0x10005f88                usbd_control_set_request
 .text.usbd_control_xfer_cb
                0x10005fa4       0xec CMakeFiles/GENIUS.dir/C_/Users/Nicholas/.pico-sdk/sdk/2.1.1/lib/tinyusb/src/device/usbd_control.c.obj
                0x10005fa4                usbd_control_xfer_cb
 .text._prep_out_transaction.isra.0
                0x10006090       0x6c CMakeFiles/GENIUS.dir/C_/Users/Nicholas/.pico-sdk/sdk/2.1.1/lib/tinyusb/src/class/cdc/cdc_device.c.obj
 .text.tud_cdc_n_connected
                0x100060fc       0x2c CMakeFiles/GENIUS.dir/C_/Users/Nicholas/.pico-sdk/sdk/2.1.1/lib/tinyusb/src/class/cdc/cdc_device.c.obj
                0x100060fc                tud_cdc_n_connected
 .text.tud_cdc_n_available
                0x10006128       0x14 CMakeFiles/GENIUS.dir/C_/Users/Nicholas/.pico-sdk/sdk/2.1.1/lib/tinyusb/src/class/cdc/cdc_device.c.obj
                0x10006128                tud_cdc_n_available
 .text.tud_cdc_n_read
                0x1000613c       0x88 CMakeFiles/GENIUS.dir/C_/Users/Nicholas/.pico-sdk/sdk/2.1.1/lib/tinyusb/src/class/cdc/cdc_device.c.obj
                0x1000613c                tud_cdc_n_read
 .text.tud_cdc_n_write_flush
                0x100061c4       0x74 CMakeFiles/GENIUS.dir/C_/Users/Nicholas/.pico-sdk/sdk/2.1.1/lib/tinyusb/src/class/cdc/cdc_device.c.obj
                0x100061c4                tud_cdc_n_write_flush
 .text.tud_cdc_n_write
                0x10006238       0x40 CMakeFiles/GENIUS.dir/C_/Users/Nicholas/.pico-sdk/sdk/2.1.1/lib/tinyusb/src/class/cdc/cdc_device.c.obj
                0x10006238                tud_cdc_n_write
 .text.tud_cdc_n_write_available
                0x10006278       0x14 CMakeFiles/GENIUS.dir/C_/Users/Nicholas/.pico-sdk/sdk/2.1.1/lib/tinyusb/src/class/cdc/cdc_device.c.obj
                0x10006278                tud_cdc_n_write_available
 .text.cdcd_init
                0x1000628c       0x70 CMakeFiles/GENIUS.dir/C_/Users/Nicholas/.pico-sdk/sdk/2.1.1/lib/tinyusb/src/class/cdc/cdc_device.c.obj
                0x1000628c                cdcd_init
 .text.cdcd_deinit
                0x100062fc       0x30 CMakeFiles/GENIUS.dir/C_/Users/Nicholas/.pico-sdk/sdk/2.1.1/lib/tinyusb/src/class/cdc/cdc_device.c.obj
                0x100062fc                cdcd_deinit
 .text.cdcd_reset
                0x1000632c       0x4c CMakeFiles/GENIUS.dir/C_/Users/Nicholas/.pico-sdk/sdk/2.1.1/lib/tinyusb/src/class/cdc/cdc_device.c.obj
                0x1000632c                cdcd_reset
 .text.cdcd_open
                0x10006378       0xa4 CMakeFiles/GENIUS.dir/C_/Users/Nicholas/.pico-sdk/sdk/2.1.1/lib/tinyusb/src/class/cdc/cdc_device.c.obj
                0x10006378                cdcd_open
 .text.cdcd_control_xfer_cb
                0x1000641c       0xe8 CMakeFiles/GENIUS.dir/C_/Users/Nicholas/.pico-sdk/sdk/2.1.1/lib/tinyusb/src/class/cdc/cdc_device.c.obj
                0x1000641c                cdcd_control_xfer_cb
 .text.cdcd_xfer_cb
                0x10006504      0x100 CMakeFiles/GENIUS.dir/C_/Users/Nicholas/.pico-sdk/sdk/2.1.1/lib/tinyusb/src/class/cdc/cdc_device.c.obj
                0x10006504                cdcd_xfer_cb
 .text.vendord_init
                0x10006604       0x5c CMakeFiles/GENIUS.dir/C_/Users/Nicholas/.pico-sdk/sdk/2.1.1/lib/tinyusb/src/class/vendor/vendor_device.c.obj
                0x10006604                vendord_init
 .text.vendord_deinit
                0x10006660       0x1c CMakeFiles/GENIUS.dir/C_/Users/Nicholas/.pico-sdk/sdk/2.1.1/lib/tinyusb/src/class/vendor/vendor_device.c.obj
                0x10006660                vendord_deinit
 .text.vendord_reset
                0x1000667c       0x28 CMakeFiles/GENIUS.dir/C_/Users/Nicholas/.pico-sdk/sdk/2.1.1/lib/tinyusb/src/class/vendor/vendor_device.c.obj
                0x1000667c                vendord_reset
 .text.vendord_open
                0x100066a4      0x120 CMakeFiles/GENIUS.dir/C_/Users/Nicholas/.pico-sdk/sdk/2.1.1/lib/tinyusb/src/class/vendor/vendor_device.c.obj
                0x100066a4                vendord_open
 .text.vendord_xfer_cb
                0x100067c4       0x9c CMakeFiles/GENIUS.dir/C_/Users/Nicholas/.pico-sdk/sdk/2.1.1/lib/tinyusb/src/class/vendor/vendor_device.c.obj
                0x100067c4                vendord_xfer_cb
 .text.tusb_rhport_init
                0x10006860       0x4c CMakeFiles/GENIUS.dir/C_/Users/Nicholas/.pico-sdk/sdk/2.1.1/lib/tinyusb/src/tusb.c.obj
                0x10006860                tusb_rhport_init
 .text.tu_edpt_claim
                0x100068ac       0x50 CMakeFiles/GENIUS.dir/C_/Users/Nicholas/.pico-sdk/sdk/2.1.1/lib/tinyusb/src/tusb.c.obj
                0x100068ac                tu_edpt_claim
 .text.tu_edpt_release
                0x100068fc       0x38 CMakeFiles/GENIUS.dir/C_/Users/Nicholas/.pico-sdk/sdk/2.1.1/lib/tinyusb/src/tusb.c.obj
                0x100068fc                tu_edpt_release
 .text.tu_edpt_validate
                0x10006934       0x7c CMakeFiles/GENIUS.dir/C_/Users/Nicholas/.pico-sdk/sdk/2.1.1/lib/tinyusb/src/tusb.c.obj
                0x10006934                tu_edpt_validate
 .text.tu_edpt_bind_driver
                0x100069b0       0x34 CMakeFiles/GENIUS.dir/C_/Users/Nicholas/.pico-sdk/sdk/2.1.1/lib/tinyusb/src/tusb.c.obj
                0x100069b0                tu_edpt_bind_driver
 .text.tu_edpt_stream_init
                0x100069e4       0x6c CMakeFiles/GENIUS.dir/C_/Users/Nicholas/.pico-sdk/sdk/2.1.1/lib/tinyusb/src/tusb.c.obj
                0x100069e4                tu_edpt_stream_init
 .text.tu_edpt_stream_deinit
                0x10006a50        0x4 CMakeFiles/GENIUS.dir/C_/Users/Nicholas/.pico-sdk/sdk/2.1.1/lib/tinyusb/src/tusb.c.obj
                0x10006a50                tu_edpt_stream_deinit
 .text.tu_edpt_stream_write_zlp_if_needed
                0x10006a54       0x68 CMakeFiles/GENIUS.dir/C_/Users/Nicholas/.pico-sdk/sdk/2.1.1/lib/tinyusb/src/tusb.c.obj
                0x10006a54                tu_edpt_stream_write_zlp_if_needed
 .text.tu_edpt_stream_write_xfer
                0x10006abc       0x68 CMakeFiles/GENIUS.dir/C_/Users/Nicholas/.pico-sdk/sdk/2.1.1/lib/tinyusb/src/tusb.c.obj
                0x10006abc                tu_edpt_stream_write_xfer
 .text.tu_edpt_stream_read_xfer
                0x10006b24       0xd8 CMakeFiles/GENIUS.dir/C_/Users/Nicholas/.pico-sdk/sdk/2.1.1/lib/tinyusb/src/tusb.c.obj
                0x10006b24                tu_edpt_stream_read_xfer
 .text.tu_fifo_config
                0x10006bfc       0x6c CMakeFiles/GENIUS.dir/C_/Users/Nicholas/.pico-sdk/sdk/2.1.1/lib/tinyusb/src/common/tusb_fifo.c.obj
                0x10006bfc                tu_fifo_config
 .text.tu_fifo_count
                0x10006c68       0x2c CMakeFiles/GENIUS.dir/C_/Users/Nicholas/.pico-sdk/sdk/2.1.1/lib/tinyusb/src/common/tusb_fifo.c.obj
                0x10006c68                tu_fifo_count
 .text.tu_fifo_empty
                0x10006c94       0x10 CMakeFiles/GENIUS.dir/C_/Users/Nicholas/.pico-sdk/sdk/2.1.1/lib/tinyusb/src/common/tusb_fifo.c.obj
                0x10006c94                tu_fifo_empty
 .text.tu_fifo_remaining
                0x10006ca4       0x2c CMakeFiles/GENIUS.dir/C_/Users/Nicholas/.pico-sdk/sdk/2.1.1/lib/tinyusb/src/common/tusb_fifo.c.obj
                0x10006ca4                tu_fifo_remaining
 .text.tu_fifo_read
                0x10006cd0       0x9c CMakeFiles/GENIUS.dir/C_/Users/Nicholas/.pico-sdk/sdk/2.1.1/lib/tinyusb/src/common/tusb_fifo.c.obj
                0x10006cd0                tu_fifo_read
 .text.tu_fifo_read_n
                0x10006d6c       0xe8 CMakeFiles/GENIUS.dir/C_/Users/Nicholas/.pico-sdk/sdk/2.1.1/lib/tinyusb/src/common/tusb_fifo.c.obj
                0x10006d6c                tu_fifo_read_n
 .text.tu_fifo_write
                0x10006e54       0xa4 CMakeFiles/GENIUS.dir/C_/Users/Nicholas/.pico-sdk/sdk/2.1.1/lib/tinyusb/src/common/tusb_fifo.c.obj
                0x10006e54                tu_fifo_write
 .text.tu_fifo_write_n
                0x10006ef8      0x178 CMakeFiles/GENIUS.dir/C_/Users/Nicholas/.pico-sdk/sdk/2.1.1/lib/tinyusb/src/common/tusb_fifo.c.obj
                0x10006ef8                tu_fifo_write_n
 .text.tu_fifo_clear
                0x10007070       0x40 CMakeFiles/GENIUS.dir/C_/Users/Nicholas/.pico-sdk/sdk/2.1.1/lib/tinyusb/src/common/tusb_fifo.c.obj
                0x10007070                tu_fifo_clear
 .text.tu_fifo_set_overwritable
                0x100070b0       0x48 CMakeFiles/GENIUS.dir/C_/Users/Nicholas/.pico-sdk/sdk/2.1.1/lib/tinyusb/src/common/tusb_fifo.c.obj
                0x100070b0                tu_fifo_set_overwritable
 .text.adc_init
                0x100070f8       0x38 CMakeFiles/GENIUS.dir/C_/Users/Nicholas/.pico-sdk/sdk/2.1.1/src/rp2_common/hardware_adc/adc.c.obj
                0x100070f8                adc_init
 .text.__malloc_lock
                0x10007130       0x10 C:/Users/Nicholas/.pico-sdk/toolchain/14_2_Rel1/bin/../lib/gcc/arm-none-eabi/14.2.1/thumb/v6-m/nofp\libg.a(libc_a-mlock.o)
                0x10007130                __malloc_lock
 .text.__malloc_unlock
                0x10007140       0x10 C:/Users/Nicholas/.pico-sdk/toolchain/14_2_Rel1/bin/../lib/gcc/arm-none-eabi/14.2.1/thumb/v6-m/nofp\libg.a(libc_a-mlock.o)
                0x10007140                __malloc_unlock
 .text.__sflush_r
                0x10007150      0x13c C:/Users/Nicholas/.pico-sdk/toolchain/14_2_Rel1/bin/../lib/gcc/arm-none-eabi/14.2.1/thumb/v6-m/nofp\libg.a(libc_a-fflush.o)
                0x10007150                __sflush_r
 .text._fflush_r
                0x1000728c       0x68 C:/Users/Nicholas/.pico-sdk/toolchain/14_2_Rel1/bin/../lib/gcc/arm-none-eabi/14.2.1/thumb/v6-m/nofp\libg.a(libc_a-fflush.o)
                0x1000728c                _fflush_r
 .text.fflush   0x100072f4       0x7c C:/Users/Nicholas/.pico-sdk/toolchain/14_2_Rel1/bin/../lib/gcc/arm-none-eabi/14.2.1/thumb/v6-m/nofp\libg.a(libc_a-fflush.o)
                0x100072f4                fflush
 .text.stdio_exit_handler
                0x10007370       0x1c C:/Users/Nicholas/.pico-sdk/toolchain/14_2_Rel1/bin/../lib/gcc/arm-none-eabi/14.2.1/thumb/v6-m/nofp\libg.a(libc_a-findfp.o)
 .text.cleanup_stdio
                0x1000738c       0x3c C:/Users/Nicholas/.pico-sdk/toolchain/14_2_Rel1/bin/../lib/gcc/arm-none-eabi/14.2.1/thumb/v6-m/nofp\libg.a(libc_a-findfp.o)
 .text.global_stdio_init.part.0
                0x100073c8      0x118 C:/Users/Nicholas/.pico-sdk/toolchain/14_2_Rel1/bin/../lib/gcc/arm-none-eabi/14.2.1/thumb/v6-m/nofp\libg.a(libc_a-findfp.o)
 .text.__sinit  0x100074e0       0x38 C:/Users/Nicholas/.pico-sdk/toolchain/14_2_Rel1/bin/../lib/gcc/arm-none-eabi/14.2.1/thumb/v6-m/nofp\libg.a(libc_a-findfp.o)
                0x100074e0                __sinit
 .text.__sfp_lock_acquire
                0x10007518       0x10 C:/Users/Nicholas/.pico-sdk/toolchain/14_2_Rel1/bin/../lib/gcc/arm-none-eabi/14.2.1/thumb/v6-m/nofp\libg.a(libc_a-findfp.o)
                0x10007518                __sfp_lock_acquire
 .text.__sfp_lock_release
                0x10007528       0x10 C:/Users/Nicholas/.pico-sdk/toolchain/14_2_Rel1/bin/../lib/gcc/arm-none-eabi/14.2.1/thumb/v6-m/nofp\libg.a(libc_a-findfp.o)
                0x10007528                __sfp_lock_release
 .text._fwalk_sglue
                0x10007538       0x44 C:/Users/Nicholas/.pico-sdk/toolchain/14_2_Rel1/bin/../lib/gcc/arm-none-eabi/14.2.1/thumb/v6-m/nofp\libg.a(libc_a-fwalk.o)
                0x10007538                _fwalk_sglue
 .text.__sread  0x1000757c       0x28 C:/Users/Nicholas/.pico-sdk/toolchain/14_2_Rel1/bin/../lib/gcc/arm-none-eabi/14.2.1/thumb/v6-m/nofp\libg.a(libc_a-stdio.o)
                0x1000757c                __sread
 .text.__swrite
                0x100075a4       0x40 C:/Users/Nicholas/.pico-sdk/toolchain/14_2_Rel1/bin/../lib/gcc/arm-none-eabi/14.2.1/thumb/v6-m/nofp\libg.a(libc_a-stdio.o)
                0x100075a4                __swrite
 .text.__sseek  0x100075e4       0x2c C:/Users/Nicholas/.pico-sdk/toolchain/14_2_Rel1/bin/../lib/gcc/arm-none-eabi/14.2.1/thumb/v6-m/nofp\libg.a(libc_a-stdio.o)
                0x100075e4                __sseek
 .text.__sclose
                0x10007610        0xc C:/Users/Nicholas/.pico-sdk/toolchain/14_2_Rel1/bin/../lib/gcc/arm-none-eabi/14.2.1/thumb/v6-m/nofp\libg.a(libc_a-stdio.o)
                0x10007610                __sclose
 .text._close_r
                0x1000761c       0x24 C:/Users/Nicholas/.pico-sdk/toolchain/14_2_Rel1/bin/../lib/gcc/arm-none-eabi/14.2.1/thumb/v6-m/nofp\libg.a(libc_a-closer.o)
                0x1000761c                _close_r
 .text._lseek_r
                0x10007640       0x28 C:/Users/Nicholas/.pico-sdk/toolchain/14_2_Rel1/bin/../lib/gcc/arm-none-eabi/14.2.1/thumb/v6-m/nofp\libg.a(libc_a-lseekr.o)
                0x10007640                _lseek_r
 .text._read_r  0x10007668       0x28 C:/Users/Nicholas/.pico-sdk/toolchain/14_2_Rel1/bin/../lib/gcc/arm-none-eabi/14.2.1/thumb/v6-m/nofp\libg.a(libc_a-readr.o)
                0x10007668                _read_r
 .text._sbrk_r  0x10007690       0x24 C:/Users/Nicholas/.pico-sdk/toolchain/14_2_Rel1/bin/../lib/gcc/arm-none-eabi/14.2.1/thumb/v6-m/nofp\libg.a(libc_a-sbrkr.o)
                0x10007690                _sbrk_r
 .text._write_r
                0x100076b4       0x28 C:/Users/Nicholas/.pico-sdk/toolchain/14_2_Rel1/bin/../lib/gcc/arm-none-eabi/14.2.1/thumb/v6-m/nofp\libg.a(libc_a-writer.o)
                0x100076b4                _write_r
 .text.__errno  0x100076dc        0xc C:/Users/Nicholas/.pico-sdk/toolchain/14_2_Rel1/bin/../lib/gcc/arm-none-eabi/14.2.1/thumb/v6-m/nofp\libg.a(libc_a-errno.o)
                0x100076dc                __errno
 .text.__retarget_lock_init_recursive
                0x100076e8        0x4 C:/Users/Nicholas/.pico-sdk/toolchain/14_2_Rel1/bin/../lib/gcc/arm-none-eabi/14.2.1/thumb/v6-m/nofp\libg.a(libc_a-lock.o)
                0x100076e8                __retarget_lock_init_recursive
 .text.__retarget_lock_close_recursive
                0x100076ec        0x4 C:/Users/Nicholas/.pico-sdk/toolchain/14_2_Rel1/bin/../lib/gcc/arm-none-eabi/14.2.1/thumb/v6-m/nofp\libg.a(libc_a-lock.o)
                0x100076ec                __retarget_lock_close_recursive
 .text.__retarget_lock_acquire_recursive
                0x100076f0        0x4 C:/Users/Nicholas/.pico-sdk/toolchain/14_2_Rel1/bin/../lib/gcc/arm-none-eabi/14.2.1/thumb/v6-m/nofp\libg.a(libc_a-lock.o)
                0x100076f0                __retarget_lock_acquire_recursive
 .text.__retarget_lock_release_recursive
                0x100076f4        0x4 C:/Users/Nicholas/.pico-sdk/toolchain/14_2_Rel1/bin/../lib/gcc/arm-none-eabi/14.2.1/thumb/v6-m/nofp\libg.a(libc_a-lock.o)
                0x100076f4                __retarget_lock_release_recursive
 .text.sysconf  0x100076f8       0x1c C:/Users/Nicholas/.pico-sdk/toolchain/14_2_Rel1/bin/../lib/gcc/arm-none-eabi/14.2.1/thumb/v6-m/nofp\libg.a(libc_a-sysconf.o)
                0x100076f8                sysconf
 .text.strlen   0x10007714       0x5c C:/Users/Nicholas/.pico-sdk/toolchain/14_2_Rel1/bin/../lib/gcc/arm-none-eabi/14.2.1/thumb/v6-m/nofp\libg.a(libc_a-strlen-stub.o)
                0x10007714                strlen
 .text._malloc_trim_r
                0x10007770       0xb4 C:/Users/Nicholas/.pico-sdk/toolchain/14_2_Rel1/bin/../lib/gcc/arm-none-eabi/14.2.1/thumb/v6-m/nofp\libg.a(libc_a-freer.o)
                0x10007770                _malloc_trim_r
 .text._free_r  0x10007824      0x1f0 C:/Users/Nicholas/.pico-sdk/toolchain/14_2_Rel1/bin/../lib/gcc/arm-none-eabi/14.2.1/thumb/v6-m/nofp\libg.a(libc_a-freer.o)
                0x10007824                _free_r
 .text._fclose_r
                0x10007a14       0xcc C:/Users/Nicholas/.pico-sdk/toolchain/14_2_Rel1/bin/../lib/gcc/arm-none-eabi/14.2.1/thumb/v6-m/nofp\libg.a(libc_a-fclose.o)
                0x10007a14                _fclose_r
 *(.fini)
 .fini          0x10007ae0        0x4 C:/Users/Nicholas/.pico-sdk/toolchain/14_2_Rel1/bin/../lib/gcc/arm-none-eabi/14.2.1/thumb/v6-m/nofp/crti.o
                0x10007ae0                _fini
 *fill*         0x10007ae4        0x4 
 .fini.__stub   0x10007ae8       0xc0 linker stubs
 *crtbegin.o(.ctors)
 *crtbegin?.o(.ctors)
 *(EXCLUDE_FILE(*crtend.o *crtend?.o) .ctors)
 *(SORT_BY_NAME(.ctors.*))
 *(.ctors)
 *crtbegin.o(.dtors)
 *crtbegin?.o(.dtors)
 *(EXCLUDE_FILE(*crtend.o *crtend?.o) .dtors)
 *(SORT_BY_NAME(.dtors.*))
 *(.dtors)
                0x10007ba8                        . = ALIGN (0x4)
                0x10007ba8                        PROVIDE (__preinit_array_start = .)
 *(SORT_BY_NAME(.preinit_array.*))
 .preinit_array.00100
                0x10007ba8        0x4 CMakeFiles/GENIUS.dir/C_/Users/Nicholas/.pico-sdk/sdk/2.1.1/src/rp2_common/pico_runtime_init/runtime_init.c.obj
                0x10007ba8                __pre_init_runtime_init_early_resets
 .preinit_array.00101
                0x10007bac        0x4 CMakeFiles/GENIUS.dir/C_/Users/Nicholas/.pico-sdk/sdk/2.1.1/src/rp2_common/pico_runtime_init/runtime_init.c.obj
                0x10007bac                __pre_init_runtime_init_usb_power_down
 .preinit_array.00275
                0x10007bb0        0x4 CMakeFiles/GENIUS.dir/C_/Users/Nicholas/.pico-sdk/sdk/2.1.1/src/rp2_common/pico_bit_ops/bit_ops_aeabi.S.obj
 .preinit_array.00300
                0x10007bb4        0x4 CMakeFiles/GENIUS.dir/C_/Users/Nicholas/.pico-sdk/sdk/2.1.1/src/rp2_common/pico_mem_ops/mem_ops_aeabi.S.obj
 .preinit_array.00350
                0x10007bb8        0x4 CMakeFiles/GENIUS.dir/C_/Users/Nicholas/.pico-sdk/sdk/2.1.1/src/rp2_common/pico_double/double_aeabi_rp2040.S.obj
 .preinit_array.00350
                0x10007bbc        0x4 CMakeFiles/GENIUS.dir/C_/Users/Nicholas/.pico-sdk/sdk/2.1.1/src/rp2_common/pico_float/float_aeabi_rp2040.S.obj
 .preinit_array.00500
                0x10007bc0        0x4 CMakeFiles/GENIUS.dir/C_/Users/Nicholas/.pico-sdk/sdk/2.1.1/src/rp2_common/pico_runtime_init/runtime_init.c.obj
                0x10007bc0                __pre_init_runtime_init_clocks
 .preinit_array.00600
                0x10007bc4        0x4 CMakeFiles/GENIUS.dir/C_/Users/Nicholas/.pico-sdk/sdk/2.1.1/src/rp2_common/pico_runtime_init/runtime_init.c.obj
                0x10007bc4                __pre_init_runtime_init_post_clock_resets
 .preinit_array.00700
                0x10007bc8        0x4 CMakeFiles/GENIUS.dir/C_/Users/Nicholas/.pico-sdk/sdk/2.1.1/src/rp2_common/pico_runtime_init/runtime_init.c.obj
                0x10007bc8                __pre_init_runtime_init_rp2040_gpio_ie_disable
 .preinit_array.01000
                0x10007bcc        0x4 CMakeFiles/GENIUS.dir/C_/Users/Nicholas/.pico-sdk/sdk/2.1.1/src/rp2_common/pico_runtime_init/runtime_init.c.obj
                0x10007bcc                __pre_init_runtime_init_spin_locks_reset
 .preinit_array.01100
                0x10007bd0        0x4 CMakeFiles/GENIUS.dir/C_/Users/Nicholas/.pico-sdk/sdk/2.1.1/src/common/pico_sync/mutex.c.obj
                0x10007bd0                __pre_init_runtime_init_mutex
 .preinit_array.10080
                0x10007bd4        0x4 CMakeFiles/GENIUS.dir/C_/Users/Nicholas/.pico-sdk/sdk/2.1.1/src/rp2_common/pico_runtime_init/runtime_init.c.obj
                0x10007bd4                __pre_init_runtime_init_install_ram_vector_table
 .preinit_array.11000
                0x10007bd8        0x4 CMakeFiles/GENIUS.dir/C_/Users/Nicholas/.pico-sdk/sdk/2.1.1/src/common/pico_time/time.c.obj
                0x10007bd8                __pre_init_runtime_init_default_alarm_pool
 .preinit_array.YYYYY
                0x10007bdc        0x4 CMakeFiles/GENIUS.dir/C_/Users/Nicholas/.pico-sdk/sdk/2.1.1/src/rp2_common/pico_runtime/runtime.c.obj
                0x10007bdc                __pre_init_first_per_core_initializer
 .preinit_array.ZZZZZ.01200
                0x10007be0        0x4 CMakeFiles/GENIUS.dir/C_/Users/Nicholas/.pico-sdk/sdk/2.1.1/src/rp2_common/hardware_irq/irq.c.obj
                0x10007be0                __pre_init_runtime_init_per_core_irq_priorities
 *(.preinit_array)
                0x10007be4                        PROVIDE (__preinit_array_end = .)
                0x10007be4                        . = ALIGN (0x4)
                0x10007be4                        PROVIDE (__init_array_start = .)
 *(SORT_BY_NAME(.init_array.*))
 *(.init_array)
 .init_array    0x10007be4        0x4 C:/Users/Nicholas/.pico-sdk/toolchain/14_2_Rel1/bin/../lib/gcc/arm-none-eabi/14.2.1/thumb/v6-m/nofp/crtbegin.o
 .init_array    0x10007be8        0x4 CMakeFiles/GENIUS.dir/C_/Users/Nicholas/.pico-sdk/sdk/2.1.1/src/rp2_common/pico_unique_id/unique_id.c.obj
                0x10007bec                        PROVIDE (__init_array_end = .)
                0x10007bec                        . = ALIGN (0x4)
                [!provide]                        PROVIDE (__fini_array_start = .)
 *(SORT_BY_NAME(.fini_array.*))
 *(.fini_array)
                [!provide]                        PROVIDE (__fini_array_end = .)
 *(.eh_frame*)
 .eh_frame      0x10007bec        0x0 C:/Users/Nicholas/.pico-sdk/toolchain/14_2_Rel1/bin/../lib/gcc/arm-none-eabi/14.2.1/thumb/v6-m/nofp/crtbegin.o
                0x10007bec                        . = ALIGN (0x4)

.glue_7         0x10007bec        0x0
 .glue_7        0x10007bec        0x0 linker stubs

.glue_7t        0x10007bec        0x0
 .glue_7t       0x10007bec        0x0 linker stubs

.vfp11_veneer   0x10007bec        0x0
 .vfp11_veneer  0x10007bec        0x0 linker stubs

.v4_bx          0x10007bec        0x0
 .v4_bx         0x10007bec        0x0 linker stubs

.iplt           0x10007bec        0x0
 .iplt          0x10007bec        0x0 C:/Users/Nicholas/.pico-sdk/toolchain/14_2_Rel1/bin/../lib/gcc/arm-none-eabi/14.2.1/thumb/v6-m/nofp/crtbegin.o

.rodata         0x10007bf0      0x72c
 *(EXCLUDE_FILE(*libm.a: *libc.a:*lib_a-mem*.o *libgcc.a:) .rodata*)
 .rodata.handle_input.str1.4
                0x10007bf0      0x23c CMakeFiles/GENIUS.dir/GENIUS.c.obj
                                 0x19 (size before relaxing)
 .rodata.main.str1.4
                0x10007e2c       0x72 CMakeFiles/GENIUS.dir/GENIUS.c.obj
 .rodata.str1.4
                0x10007e2c       0x23 CMakeFiles/GENIUS.dir/GENIUS.c.obj
 .rodata.melodies
                0x10007e2c       0x30 CMakeFiles/GENIUS.dir/GENIUS.c.obj
                0x10007e2c                melodies
 .rodata.panic.str1.4
                0x10007e5c       0x12 CMakeFiles/GENIUS.dir/C_/Users/Nicholas/.pico-sdk/sdk/2.1.1/src/rp2_common/pico_platform_panic/panic.c.obj
 .rodata.spin_lock_claim_unused.str1.4
                0x10007e5c       0x1b CMakeFiles/GENIUS.dir/C_/Users/Nicholas/.pico-sdk/sdk/2.1.1/src/rp2_common/hardware_sync/sync.c.obj
 .rodata.user_irq_claim_unused.str1.4
                0x10007e5c       0x1b CMakeFiles/GENIUS.dir/C_/Users/Nicholas/.pico-sdk/sdk/2.1.1/src/rp2_common/hardware_irq/irq.c.obj
 *fill*         0x10007e5c        0x4 
 .rodata.at_the_end_of_time
                0x10007e60        0x8 CMakeFiles/GENIUS.dir/C_/Users/Nicholas/.pico-sdk/sdk/2.1.1/src/common/pico_time/time.c.obj
                0x10007e60                at_the_end_of_time
 .rodata.timer_hardware_alarm_claim.str1.4
                0x10007e68       0x22 CMakeFiles/GENIUS.dir/C_/Users/Nicholas/.pico-sdk/sdk/2.1.1/src/rp2_common/hardware_timer/timer.c.obj
 .rodata.hard_assertion_failure.str1.4
                0x10007e68        0xc CMakeFiles/GENIUS.dir/C_/Users/Nicholas/.pico-sdk/sdk/2.1.1/src/rp2_common/pico_runtime/runtime.c.obj
 .rodata.missing_double_func_shim.str1.4
                0x10007e68       0x18 CMakeFiles/GENIUS.dir/C_/Users/Nicholas/.pico-sdk/sdk/2.1.1/src/rp2_common/pico_double/double_init_rom_rp2040.c.obj
 .rodata.missing_float_func_shim.str1.4
                0x10007e68        0x1 CMakeFiles/GENIUS.dir/C_/Users/Nicholas/.pico-sdk/sdk/2.1.1/src/rp2_common/pico_float/float_init_rom_rp2040.c.obj
 .rodata.str1.4
                0x10007e68       0x40 CMakeFiles/GENIUS.dir/C_/Users/Nicholas/.pico-sdk/sdk/2.1.1/src/rp2_common/pico_standard_binary_info/standard_binary_info.c.obj
 .rodata.__bi_84
                0x10007e68        0xc CMakeFiles/GENIUS.dir/C_/Users/Nicholas/.pico-sdk/sdk/2.1.1/src/rp2_common/pico_standard_binary_info/standard_binary_info.c.obj
 .rodata.__bi_78
                0x10007e74        0xc CMakeFiles/GENIUS.dir/C_/Users/Nicholas/.pico-sdk/sdk/2.1.1/src/rp2_common/pico_standard_binary_info/standard_binary_info.c.obj
 .rodata.__bi_60
                0x10007e80        0xc CMakeFiles/GENIUS.dir/C_/Users/Nicholas/.pico-sdk/sdk/2.1.1/src/rp2_common/pico_standard_binary_info/standard_binary_info.c.obj
 .rodata.__bi_54
                0x10007e8c        0xc CMakeFiles/GENIUS.dir/C_/Users/Nicholas/.pico-sdk/sdk/2.1.1/src/rp2_common/pico_standard_binary_info/standard_binary_info.c.obj
 .rodata.__bi_48
                0x10007e98        0xc CMakeFiles/GENIUS.dir/C_/Users/Nicholas/.pico-sdk/sdk/2.1.1/src/rp2_common/pico_standard_binary_info/standard_binary_info.c.obj
 .rodata.__bi_42
                0x10007ea4        0xc CMakeFiles/GENIUS.dir/C_/Users/Nicholas/.pico-sdk/sdk/2.1.1/src/rp2_common/pico_standard_binary_info/standard_binary_info.c.obj
 .rodata.__bi_34
                0x10007eb0        0xc CMakeFiles/GENIUS.dir/C_/Users/Nicholas/.pico-sdk/sdk/2.1.1/src/rp2_common/pico_standard_binary_info/standard_binary_info.c.obj
 .rodata.__bi_26
                0x10007ebc        0xc CMakeFiles/GENIUS.dir/C_/Users/Nicholas/.pico-sdk/sdk/2.1.1/src/rp2_common/pico_standard_binary_info/standard_binary_info.c.obj
 .rodata._ftoa.str1.4
                0x10007ec8       0x15 CMakeFiles/GENIUS.dir/C_/Users/Nicholas/.pico-sdk/sdk/2.1.1/src/rp2_common/pico_printf/printf.c.obj
 .rodata._vsnprintf
                0x10007ec8      0x19c CMakeFiles/GENIUS.dir/C_/Users/Nicholas/.pico-sdk/sdk/2.1.1/src/rp2_common/pico_printf/printf.c.obj
 *fill*         0x10008064        0x4 
 .rodata.pow10.0
                0x10008068       0x50 CMakeFiles/GENIUS.dir/C_/Users/Nicholas/.pico-sdk/sdk/2.1.1/src/rp2_common/pico_printf/printf.c.obj
 .rodata.crlf_str.0
                0x100080b8        0x2 CMakeFiles/GENIUS.dir/C_/Users/Nicholas/.pico-sdk/sdk/2.1.1/src/rp2_common/pico_stdio/stdio.c.obj
 *fill*         0x100080ba        0x2 
 .rodata._resetd_driver
                0x100080bc       0x20 CMakeFiles/GENIUS.dir/C_/Users/Nicholas/.pico-sdk/sdk/2.1.1/src/rp2_common/pico_stdio_usb/reset_interface.c.obj
 .rodata.desc_ms_os_20
                0x100080dc       0xa6 CMakeFiles/GENIUS.dir/C_/Users/Nicholas/.pico-sdk/sdk/2.1.1/src/rp2_common/pico_stdio_usb/reset_interface.c.obj
 *fill*         0x10008182        0x2 
 .rodata.desc_bos
                0x10008184       0x21 CMakeFiles/GENIUS.dir/C_/Users/Nicholas/.pico-sdk/sdk/2.1.1/src/rp2_common/pico_stdio_usb/reset_interface.c.obj
                0x10008184                desc_bos
 .rodata.str1.4
                0x100081a5       0x13 CMakeFiles/GENIUS.dir/C_/Users/Nicholas/.pico-sdk/sdk/2.1.1/src/rp2_common/pico_stdio_usb/stdio_usb.c.obj
 *fill*         0x100081a5        0x3 
 .rodata.__bi_197.0
                0x100081a8        0xc CMakeFiles/GENIUS.dir/C_/Users/Nicholas/.pico-sdk/sdk/2.1.1/src/rp2_common/pico_stdio_usb/stdio_usb.c.obj
 .rodata.str1.4
                0x100081b4       0x2a CMakeFiles/GENIUS.dir/C_/Users/Nicholas/.pico-sdk/sdk/2.1.1/src/rp2_common/pico_stdio_usb/stdio_usb_descriptors.c.obj
 .rodata.usbd_desc_str
                0x100081b4       0x18 CMakeFiles/GENIUS.dir/C_/Users/Nicholas/.pico-sdk/sdk/2.1.1/src/rp2_common/pico_stdio_usb/stdio_usb_descriptors.c.obj
 .rodata.usbd_desc_cfg
                0x100081cc       0x54 CMakeFiles/GENIUS.dir/C_/Users/Nicholas/.pico-sdk/sdk/2.1.1/src/rp2_common/pico_stdio_usb/stdio_usb_descriptors.c.obj
 .rodata.usbd_desc_device
                0x10008220       0x12 CMakeFiles/GENIUS.dir/C_/Users/Nicholas/.pico-sdk/sdk/2.1.1/src/rp2_common/pico_stdio_usb/stdio_usb_descriptors.c.obj
 .rodata.str1.4
                0x10008232       0x14 CMakeFiles/GENIUS.dir/C_/Users/Nicholas/.pico-sdk/sdk/2.1.1/lib/tinyusb/src/portable/raspberrypi/rp2040/dcd_rp2040.c.obj
 .rodata.str1.4
                0x10008232       0x48 CMakeFiles/GENIUS.dir/C_/Users/Nicholas/.pico-sdk/sdk/2.1.1/lib/tinyusb/src/portable/raspberrypi/rp2040/rp2040_usb.c.obj
 *fill*         0x10008232        0x2 
 .rodata.tud_task_ext
                0x10008234       0x8c CMakeFiles/GENIUS.dir/C_/Users/Nicholas/.pico-sdk/sdk/2.1.1/lib/tinyusb/src/device/usbd.c.obj
 .rodata        0x100082c0       0x1c CMakeFiles/GENIUS.dir/C_/Users/Nicholas/.pico-sdk/sdk/2.1.1/lib/tinyusb/src/device/usbd.c.obj
 .rodata._usbd_driver
                0x100082dc       0x40 CMakeFiles/GENIUS.dir/C_/Users/Nicholas/.pico-sdk/sdk/2.1.1/lib/tinyusb/src/device/usbd.c.obj
                0x1000831c                        . = ALIGN (0x4)
 *(SORT_BY_ALIGNMENT(SORT_BY_NAME(.flashdata*)))
                0x1000831c                        . = ALIGN (0x4)

.ARM.extab
 *(.ARM.extab* .gnu.linkonce.armextab.*)
                0x1000831c                        __exidx_start = .

.ARM.exidx
 *(.ARM.exidx* .gnu.linkonce.armexidx.*)
                0x1000831c                        __exidx_end = .
                0x1000831c                        . = ALIGN (0x4)
                0x1000831c                        __binary_info_start = .

.binary_info    0x1000831c       0x24
 *(.binary_info.keep.*)
 .binary_info.keep.__bi_ptr84
                0x1000831c        0x4 CMakeFiles/GENIUS.dir/C_/Users/Nicholas/.pico-sdk/sdk/2.1.1/src/rp2_common/pico_standard_binary_info/standard_binary_info.c.obj
 .binary_info.keep.__bi_ptr78
                0x10008320        0x4 CMakeFiles/GENIUS.dir/C_/Users/Nicholas/.pico-sdk/sdk/2.1.1/src/rp2_common/pico_standard_binary_info/standard_binary_info.c.obj
 .binary_info.keep.__bi_ptr60
                0x10008324        0x4 CMakeFiles/GENIUS.dir/C_/Users/Nicholas/.pico-sdk/sdk/2.1.1/src/rp2_common/pico_standard_binary_info/standard_binary_info.c.obj
 .binary_info.keep.__bi_ptr54
                0x10008328        0x4 CMakeFiles/GENIUS.dir/C_/Users/Nicholas/.pico-sdk/sdk/2.1.1/src/rp2_common/pico_standard_binary_info/standard_binary_info.c.obj
 .binary_info.keep.__bi_ptr48
                0x1000832c        0x4 CMakeFiles/GENIUS.dir/C_/Users/Nicholas/.pico-sdk/sdk/2.1.1/src/rp2_common/pico_standard_binary_info/standard_binary_info.c.obj
 .binary_info.keep.__bi_ptr42
                0x10008330        0x4 CMakeFiles/GENIUS.dir/C_/Users/Nicholas/.pico-sdk/sdk/2.1.1/src/rp2_common/pico_standard_binary_info/standard_binary_info.c.obj
 .binary_info.keep.__bi_ptr34
                0x10008334        0x4 CMakeFiles/GENIUS.dir/C_/Users/Nicholas/.pico-sdk/sdk/2.1.1/src/rp2_common/pico_standard_binary_info/standard_binary_info.c.obj
 .binary_info.keep.__bi_ptr26
                0x10008338        0x4 CMakeFiles/GENIUS.dir/C_/Users/Nicholas/.pico-sdk/sdk/2.1.1/src/rp2_common/pico_standard_binary_info/standard_binary_info.c.obj
 *(.binary_info.*)
 .binary_info.__bi_ptr197
                0x1000833c        0x4 CMakeFiles/GENIUS.dir/C_/Users/Nicholas/.pico-sdk/sdk/2.1.1/src/rp2_common/pico_stdio_usb/stdio_usb.c.obj
                0x10008340                        __binary_info_end = .

.rel.dyn        0x10008340        0x0
 .rel.iplt      0x10008340        0x0 C:/Users/Nicholas/.pico-sdk/toolchain/14_2_Rel1/bin/../lib/gcc/arm-none-eabi/14.2.1/thumb/v6-m/nofp/crtbegin.o
                0x10008340                        . = ALIGN (0x4)

.ram_vector_table
                0x20000000       0xc0
 *(.ram_vector_table)
 .ram_vector_table
                0x20000000       0xc0 CMakeFiles/GENIUS.dir/C_/Users/Nicholas/.pico-sdk/sdk/2.1.1/src/rp2_common/pico_runtime_init/runtime_init.c.obj
                0x20000000                ram_vector_table

.uninitialized_data
                0x200000c0        0x0
                0x200000c0                        . = ALIGN (0x4)
 *(.uninitialized_data*)

.data           0x200000c0     0x2ea0 load address 0x10008340
                0x200000c0                        __data_start__ = .
 *(vtable)
 *(.time_critical*)
 .time_critical.mutex_try_enter
                0x200000c0       0x40 CMakeFiles/GENIUS.dir/C_/Users/Nicholas/.pico-sdk/sdk/2.1.1/src/common/pico_sync/mutex.c.obj
                0x200000c0                mutex_try_enter
 .time_critical.mutex_try_enter_block_until
                0x20000100       0x98 CMakeFiles/GENIUS.dir/C_/Users/Nicholas/.pico-sdk/sdk/2.1.1/src/common/pico_sync/mutex.c.obj
                0x20000100                mutex_try_enter_block_until
 .time_critical.mutex_enter_timeout_ms
                0x20000198       0x8c CMakeFiles/GENIUS.dir/C_/Users/Nicholas/.pico-sdk/sdk/2.1.1/src/common/pico_sync/mutex.c.obj
                0x20000198                mutex_enter_timeout_ms
 .time_critical.mutex_exit
                0x20000224       0x28 CMakeFiles/GENIUS.dir/C_/Users/Nicholas/.pico-sdk/sdk/2.1.1/src/common/pico_sync/mutex.c.obj
                0x20000224                mutex_exit
 .time_critical.flash_init_boot2_copyout
                0x2000024c       0x30 CMakeFiles/GENIUS.dir/C_/Users/Nicholas/.pico-sdk/sdk/2.1.1/src/rp2_common/hardware_flash/flash.c.obj
 .time_critical.flash_enable_xip_via_boot2
                0x2000027c        0xc CMakeFiles/GENIUS.dir/C_/Users/Nicholas/.pico-sdk/sdk/2.1.1/src/rp2_common/hardware_flash/flash.c.obj
 .time_critical.flash_cs_force
                0x20000288       0x38 CMakeFiles/GENIUS.dir/C_/Users/Nicholas/.pico-sdk/sdk/2.1.1/src/rp2_common/hardware_flash/flash.c.obj
 .time_critical.flash_do_cmd
                0x200002c0      0x130 CMakeFiles/GENIUS.dir/C_/Users/Nicholas/.pico-sdk/sdk/2.1.1/src/rp2_common/hardware_flash/flash.c.obj
                0x200002c0                flash_do_cmd
 .time_critical.reset_non_control_endpoints
                0x200003f0       0x68 CMakeFiles/GENIUS.dir/C_/Users/Nicholas/.pico-sdk/sdk/2.1.1/lib/tinyusb/src/portable/raspberrypi/rp2040/dcd_rp2040.c.obj
 .time_critical.hw_handle_buff_status
                0x20000458       0xa0 CMakeFiles/GENIUS.dir/C_/Users/Nicholas/.pico-sdk/sdk/2.1.1/lib/tinyusb/src/portable/raspberrypi/rp2040/dcd_rp2040.c.obj
 .time_critical.dcd_rp2040_irq
                0x200004f8      0x548 CMakeFiles/GENIUS.dir/C_/Users/Nicholas/.pico-sdk/sdk/2.1.1/lib/tinyusb/src/portable/raspberrypi/rp2040/dcd_rp2040.c.obj
 .time_critical.prepare_ep_buffer
                0x20000a40       0xc8 CMakeFiles/GENIUS.dir/C_/Users/Nicholas/.pico-sdk/sdk/2.1.1/lib/tinyusb/src/portable/raspberrypi/rp2040/rp2040_usb.c.obj
 .time_critical.sync_ep_buffer
                0x20000b08       0x9c CMakeFiles/GENIUS.dir/C_/Users/Nicholas/.pico-sdk/sdk/2.1.1/lib/tinyusb/src/portable/raspberrypi/rp2040/rp2040_usb.c.obj
 .time_critical._hw_endpoint_xfer_sync
                0x20000ba4       0x28 CMakeFiles/GENIUS.dir/C_/Users/Nicholas/.pico-sdk/sdk/2.1.1/lib/tinyusb/src/portable/raspberrypi/rp2040/rp2040_usb.c.obj
 .time_critical.e15_is_bulkin_ep
                0x20000bcc       0x28 CMakeFiles/GENIUS.dir/C_/Users/Nicholas/.pico-sdk/sdk/2.1.1/lib/tinyusb/src/portable/raspberrypi/rp2040/rp2040_usb.c.obj
 .time_critical.e15_is_critical_frame_period
                0x20000bf4       0x34 CMakeFiles/GENIUS.dir/C_/Users/Nicholas/.pico-sdk/sdk/2.1.1/lib/tinyusb/src/portable/raspberrypi/rp2040/rp2040_usb.c.obj
 .time_critical.hw_endpoint_reset_transfer
                0x20000c28        0xc CMakeFiles/GENIUS.dir/C_/Users/Nicholas/.pico-sdk/sdk/2.1.1/lib/tinyusb/src/portable/raspberrypi/rp2040/rp2040_usb.c.obj
                0x20000c28                hw_endpoint_reset_transfer
 .time_critical._hw_endpoint_buffer_control_update32
                0x20000c34       0x50 CMakeFiles/GENIUS.dir/C_/Users/Nicholas/.pico-sdk/sdk/2.1.1/lib/tinyusb/src/portable/raspberrypi/rp2040/rp2040_usb.c.obj
                0x20000c34                _hw_endpoint_buffer_control_update32
 .time_critical.hw_endpoint_start_next_buffer
                0x20000c84       0x68 CMakeFiles/GENIUS.dir/C_/Users/Nicholas/.pico-sdk/sdk/2.1.1/lib/tinyusb/src/portable/raspberrypi/rp2040/rp2040_usb.c.obj
                0x20000c84                hw_endpoint_start_next_buffer
 .time_critical.hw_endpoint_xfer_continue
                0x20000cec       0x40 CMakeFiles/GENIUS.dir/C_/Users/Nicholas/.pico-sdk/sdk/2.1.1/lib/tinyusb/src/portable/raspberrypi/rp2040/rp2040_usb.c.obj
                0x20000cec                hw_endpoint_xfer_continue
 .time_critical.tinyusb
                0x20000d2c      0x1e4 CMakeFiles/GENIUS.dir/C_/Users/Nicholas/.pico-sdk/sdk/2.1.1/lib/tinyusb/src/device/usbd.c.obj
                0x20000d2c                dcd_event_handler
 *(.text*)
 .text          0x20000f10        0x4 C:/Users/Nicholas/.pico-sdk/toolchain/14_2_Rel1/bin/../lib/gcc/arm-none-eabi/14.2.1/thumb/v6-m/nofp\libgcc.a(_dvmd_tls.o)
                0x20000f10                __aeabi_idiv0
                0x20000f10                __aeabi_ldiv0
 *fill*         0x20000f14        0x4 
 .text.__stub   0x20000f18       0x80 linker stubs
                0x20000f98                        . = ALIGN (0x4)
 *(.rodata*)
                0x20000f98                        . = ALIGN (0x4)
 *(.data*)
 .data.AsaBrancaDurations
                0x20000f98      0x170 CMakeFiles/GENIUS.dir/GENIUS.c.obj
                0x20000f98                AsaBrancaDurations
 .data.AsaBrancaMelody
                0x20001108      0x170 CMakeFiles/GENIUS.dir/GENIUS.c.obj
                0x20001108                AsaBrancaMelody
 .data.CanoninDurations
                0x20001278      0x1f0 CMakeFiles/GENIUS.dir/GENIUS.c.obj
                0x20001278                CanoninDurations
 .data.CanoninDMelody
                0x20001468      0x1f0 CMakeFiles/GENIUS.dir/GENIUS.c.obj
                0x20001468                CanoninDMelody
 .data.ForEliseDurations
                0x20001658      0x96c CMakeFiles/GENIUS.dir/GENIUS.c.obj
                0x20001658                ForEliseDurations
 .data.ForEliseMelody
                0x20001fc4      0x96c CMakeFiles/GENIUS.dir/GENIUS.c.obj
                0x20001fc4                ForEliseMelody
 .data.striped_spin_lock_num
                0x20002930        0x1 CMakeFiles/GENIUS.dir/C_/Users/Nicholas/.pico-sdk/sdk/2.1.1/src/rp2_common/hardware_sync/sync.c.obj
 *fill*         0x20002931        0x3 
 .data          0x20002934       0x48 CMakeFiles/GENIUS.dir/C_/Users/Nicholas/.pico-sdk/sdk/2.1.1/src/rp2_common/hardware_irq/irq_handler_chain.S.obj
                0x20002934                irq_handler_chain_slots
                0x20002964                irq_handler_chain_first_slot
                0x2000296e                irq_handler_chain_remove_tail
 .data.default_alarm_pool
                0x2000297c       0x18 CMakeFiles/GENIUS.dir/C_/Users/Nicholas/.pico-sdk/sdk/2.1.1/src/common/pico_time/time.c.obj
 *fill*         0x20002994        0xc 
 .data.aeabi_bits_funcs
                0x200029a0       0x10 CMakeFiles/GENIUS.dir/C_/Users/Nicholas/.pico-sdk/sdk/2.1.1/src/rp2_common/pico_bit_ops/bit_ops_aeabi.S.obj
                0x200029a0                aeabi_bits_funcs
                0x200029b0                aeabi_bits_funcs_end
 .data.aeabi_mem_funcs
                0x200029b0       0x10 CMakeFiles/GENIUS.dir/C_/Users/Nicholas/.pico-sdk/sdk/2.1.1/src/rp2_common/pico_mem_ops/mem_ops_aeabi.S.obj
                0x200029b0                aeabi_mem_funcs
                0x200029c0                aeabi_mem_funcs_end
 .data.stdio_usb
                0x200029c0       0x18 CMakeFiles/GENIUS.dir/C_/Users/Nicholas/.pico-sdk/sdk/2.1.1/src/rp2_common/pico_stdio_usb/stdio_usb.c.obj
                0x200029c0                stdio_usb
 .data._usbd_qdef
                0x200029d8       0x1c CMakeFiles/GENIUS.dir/C_/Users/Nicholas/.pico-sdk/sdk/2.1.1/lib/tinyusb/src/device/usbd.c.obj
                0x200029d8                _usbd_qdef
 .data._usbd_rhport
                0x200029f4        0x1 CMakeFiles/GENIUS.dir/C_/Users/Nicholas/.pico-sdk/sdk/2.1.1/lib/tinyusb/src/device/usbd.c.obj
 *fill*         0x200029f5        0x3 
 .data.__malloc_sbrk_base
                0x200029f8        0x4 C:/Users/Nicholas/.pico-sdk/toolchain/14_2_Rel1/bin/../lib/gcc/arm-none-eabi/14.2.1/thumb/v6-m/nofp\libg.a(libc_a-mallocr.o)
                0x200029f8                __malloc_sbrk_base
 .data.__malloc_trim_threshold
                0x200029fc        0x4 C:/Users/Nicholas/.pico-sdk/toolchain/14_2_Rel1/bin/../lib/gcc/arm-none-eabi/14.2.1/thumb/v6-m/nofp\libg.a(libc_a-mallocr.o)
                0x200029fc                __malloc_trim_threshold
 .data.__malloc_av_
                0x20002a00      0x408 C:/Users/Nicholas/.pico-sdk/toolchain/14_2_Rel1/bin/../lib/gcc/arm-none-eabi/14.2.1/thumb/v6-m/nofp\libg.a(libc_a-mallocr.o)
                0x20002a00                __malloc_av_
 .data.__sglue  0x20002e08        0xc C:/Users/Nicholas/.pico-sdk/toolchain/14_2_Rel1/bin/../lib/gcc/arm-none-eabi/14.2.1/thumb/v6-m/nofp\libg.a(libc_a-findfp.o)
                0x20002e08                __sglue
 .data._impure_ptr
                0x20002e14        0x4 C:/Users/Nicholas/.pico-sdk/toolchain/14_2_Rel1/bin/../lib/gcc/arm-none-eabi/14.2.1/thumb/v6-m/nofp\libg.a(libc_a-impure.o)
                0x20002e14                _impure_ptr
 .data._impure_data
                0x20002e18      0x140 C:/Users/Nicholas/.pico-sdk/toolchain/14_2_Rel1/bin/../lib/gcc/arm-none-eabi/14.2.1/thumb/v6-m/nofp\libg.a(libc_a-impure.o)
                0x20002e18                _impure_data
                0x20002f58                        . = ALIGN (0x4)
 *(.after_data.*)
                0x20002f58                        . = ALIGN (0x4)
                0x20002f58                        PROVIDE (__mutex_array_start = .)
 *(SORT_BY_NAME(.mutex_array.*))
 *(.mutex_array)
 .mutex_array   0x20002f58        0x8 CMakeFiles/GENIUS.dir/C_/Users/Nicholas/.pico-sdk/sdk/2.1.1/src/rp2_common/pico_stdio/stdio.c.obj
                0x20002f60                        PROVIDE (__mutex_array_end = .)
                0x20002f60                        . = ALIGN (0x4)
 *(.jcr)
                0x20002f60                        . = ALIGN (0x4)

.tm_clone_table
                0x20002f60        0x0 load address 0x1000b1e0
 .tm_clone_table
                0x20002f60        0x0 C:/Users/Nicholas/.pico-sdk/toolchain/14_2_Rel1/bin/../lib/gcc/arm-none-eabi/14.2.1/thumb/v6-m/nofp/crtbegin.o
 .tm_clone_table
                0x20002f60        0x0 C:/Users/Nicholas/.pico-sdk/toolchain/14_2_Rel1/bin/../lib/gcc/arm-none-eabi/14.2.1/thumb/v6-m/nofp/crtend.o

.igot.plt       0x20002f60        0x0 load address 0x1000b1e0
 .igot.plt      0x20002f60        0x0 C:/Users/Nicholas/.pico-sdk/toolchain/14_2_Rel1/bin/../lib/gcc/arm-none-eabi/14.2.1/thumb/v6-m/nofp/crtbegin.o

.tdata          0x20002f60        0x0 load address 0x1000b1e0
                0x20002f60                        . = ALIGN (0x4)
 *(.tdata .tdata.* .gnu.linkonce.td.*)
                0x20002f60                        __tdata_end = .
                0x20002f60                        PROVIDE (__data_end__ = .)
                0x10008340                        __etext = LOADADDR (.data)

.tbss           0x20002f60        0x0 load address 0x1000b1e0
                0x20002f60                        . = ALIGN (0x4)
                0x20002f60                        __bss_start__ = .
                0x20002f60                        __tls_base = .
 *(.tbss .tbss.* .gnu.linkonce.tb.*)
 *(.tcommon)
                0x20002f60                        __tls_end = .

.bss            0x20002f60     0x1214 load address 0x1000b1e0
                0x20002f60                        . = ALIGN (0x4)
                0x20002f60                        __tbss_end = .
 *(SORT_BY_ALIGNMENT(SORT_BY_NAME(.bss*)))
 .bss.default_alarm_pool_entries
                0x20002f60      0x180 CMakeFiles/GENIUS.dir/C_/Users/Nicholas/.pico-sdk/sdk/2.1.1/src/common/pico_time/time.c.obj
 .bss.last.0    0x200030e0        0x8 CMakeFiles/GENIUS.dir/GENIUS.c.obj
 .bss.last_avail_time.1
                0x200030e8        0x8 CMakeFiles/GENIUS.dir/C_/Users/Nicholas/.pico-sdk/sdk/2.1.1/src/rp2_common/pico_stdio_usb/stdio_usb.c.obj
 .bss.last_interrupt_time